Archive member included to satisfy reference by file (symbol)

C:/ST/STM32CubeIDE_1.15.0/STM32CubeIDE/plugins/com.st.stm32cube.ide.mcu.externaltools.gnu-tools-for-stm32.12.3.rel1.win32_1.0.100.202403111256/tools/bin/../lib/gcc/arm-none-eabi/12.3.1/../../../../arm-none-eabi/lib/thumb/v7e-m+fp/hard\libc_nano.a(libc_a-abs.o)
                              ./Core/Src/task2.o (abs)
C:/ST/STM32CubeIDE_1.15.0/STM32CubeIDE/plugins/com.st.stm32cube.ide.mcu.externaltools.gnu-tools-for-stm32.12.3.rel1.win32_1.0.100.202403111256/tools/bin/../lib/gcc/arm-none-eabi/12.3.1/../../../../arm-none-eabi/lib/thumb/v7e-m+fp/hard\libc_nano.a(libc_a-exit.o)
                              C:/ST/STM32CubeIDE_1.15.0/STM32CubeIDE/plugins/com.st.stm32cube.ide.mcu.externaltools.gnu-tools-for-stm32.12.3.rel1.win32_1.0.100.202403111256/tools/bin/../lib/gcc/arm-none-eabi/12.3.1/../../../../arm-none-eabi/lib/thumb/v7e-m+fp/hard/crt0.o (exit)
C:/ST/STM32CubeIDE_1.15.0/STM32CubeIDE/plugins/com.st.stm32cube.ide.mcu.externaltools.gnu-tools-for-stm32.12.3.rel1.win32_1.0.100.202403111256/tools/bin/../lib/gcc/arm-none-eabi/12.3.1/../../../../arm-none-eabi/lib/thumb/v7e-m+fp/hard\libc_nano.a(libc_a-findfp.o)
                              C:/ST/STM32CubeIDE_1.15.0/STM32CubeIDE/plugins/com.st.stm32cube.ide.mcu.externaltools.gnu-tools-for-stm32.12.3.rel1.win32_1.0.100.202403111256/tools/bin/../lib/gcc/arm-none-eabi/12.3.1/../../../../arm-none-eabi/lib/thumb/v7e-m+fp/hard\libc_nano.a(libc_a-exit.o) (__stdio_exit_handler)
C:/ST/STM32CubeIDE_1.15.0/STM32CubeIDE/plugins/com.st.stm32cube.ide.mcu.externaltools.gnu-tools-for-stm32.12.3.rel1.win32_1.0.100.202403111256/tools/bin/../lib/gcc/arm-none-eabi/12.3.1/../../../../arm-none-eabi/lib/thumb/v7e-m+fp/hard\libc_nano.a(libc_a-fwalk.o)
                              C:/ST/STM32CubeIDE_1.15.0/STM32CubeIDE/plugins/com.st.stm32cube.ide.mcu.externaltools.gnu-tools-for-stm32.12.3.rel1.win32_1.0.100.202403111256/tools/bin/../lib/gcc/arm-none-eabi/12.3.1/../../../../arm-none-eabi/lib/thumb/v7e-m+fp/hard\libc_nano.a(libc_a-findfp.o) (_fwalk_sglue)
C:/ST/STM32CubeIDE_1.15.0/STM32CubeIDE/plugins/com.st.stm32cube.ide.mcu.externaltools.gnu-tools-for-stm32.12.3.rel1.win32_1.0.100.202403111256/tools/bin/../lib/gcc/arm-none-eabi/12.3.1/../../../../arm-none-eabi/lib/thumb/v7e-m+fp/hard\libc_nano.a(libc_a-stdio.o)
                              C:/ST/STM32CubeIDE_1.15.0/STM32CubeIDE/plugins/com.st.stm32cube.ide.mcu.externaltools.gnu-tools-for-stm32.12.3.rel1.win32_1.0.100.202403111256/tools/bin/../lib/gcc/arm-none-eabi/12.3.1/../../../../arm-none-eabi/lib/thumb/v7e-m+fp/hard\libc_nano.a(libc_a-findfp.o) (__sread)
C:/ST/STM32CubeIDE_1.15.0/STM32CubeIDE/plugins/com.st.stm32cube.ide.mcu.externaltools.gnu-tools-for-stm32.12.3.rel1.win32_1.0.100.202403111256/tools/bin/../lib/gcc/arm-none-eabi/12.3.1/../../../../arm-none-eabi/lib/thumb/v7e-m+fp/hard\libc_nano.a(libc_a-memset.o)
                              C:/ST/STM32CubeIDE_1.15.0/STM32CubeIDE/plugins/com.st.stm32cube.ide.mcu.externaltools.gnu-tools-for-stm32.12.3.rel1.win32_1.0.100.202403111256/tools/bin/../lib/gcc/arm-none-eabi/12.3.1/../../../../arm-none-eabi/lib/thumb/v7e-m+fp/hard/crt0.o (memset)
C:/ST/STM32CubeIDE_1.15.0/STM32CubeIDE/plugins/com.st.stm32cube.ide.mcu.externaltools.gnu-tools-for-stm32.12.3.rel1.win32_1.0.100.202403111256/tools/bin/../lib/gcc/arm-none-eabi/12.3.1/../../../../arm-none-eabi/lib/thumb/v7e-m+fp/hard\libc_nano.a(libc_a-closer.o)
                              C:/ST/STM32CubeIDE_1.15.0/STM32CubeIDE/plugins/com.st.stm32cube.ide.mcu.externaltools.gnu-tools-for-stm32.12.3.rel1.win32_1.0.100.202403111256/tools/bin/../lib/gcc/arm-none-eabi/12.3.1/../../../../arm-none-eabi/lib/thumb/v7e-m+fp/hard\libc_nano.a(libc_a-stdio.o) (_close_r)
C:/ST/STM32CubeIDE_1.15.0/STM32CubeIDE/plugins/com.st.stm32cube.ide.mcu.externaltools.gnu-tools-for-stm32.12.3.rel1.win32_1.0.100.202403111256/tools/bin/../lib/gcc/arm-none-eabi/12.3.1/../../../../arm-none-eabi/lib/thumb/v7e-m+fp/hard\libc_nano.a(libc_a-reent.o)
                              C:/ST/STM32CubeIDE_1.15.0/STM32CubeIDE/plugins/com.st.stm32cube.ide.mcu.externaltools.gnu-tools-for-stm32.12.3.rel1.win32_1.0.100.202403111256/tools/bin/../lib/gcc/arm-none-eabi/12.3.1/../../../../arm-none-eabi/lib/thumb/v7e-m+fp/hard\libc_nano.a(libc_a-closer.o) (errno)
C:/ST/STM32CubeIDE_1.15.0/STM32CubeIDE/plugins/com.st.stm32cube.ide.mcu.externaltools.gnu-tools-for-stm32.12.3.rel1.win32_1.0.100.202403111256/tools/bin/../lib/gcc/arm-none-eabi/12.3.1/../../../../arm-none-eabi/lib/thumb/v7e-m+fp/hard\libc_nano.a(libc_a-impure.o)
                              C:/ST/STM32CubeIDE_1.15.0/STM32CubeIDE/plugins/com.st.stm32cube.ide.mcu.externaltools.gnu-tools-for-stm32.12.3.rel1.win32_1.0.100.202403111256/tools/bin/../lib/gcc/arm-none-eabi/12.3.1/../../../../arm-none-eabi/lib/thumb/v7e-m+fp/hard\libc_nano.a(libc_a-reent.o) (_impure_ptr)
[...]
Memory Configuration

Name             Origin             Length             Attributes
RAM              0x20000000         0x00020000         xrw
FLASH            0x08000000         0x00080000         xr
*default*        0x00000000         0xffffffff

Linker script and memory map

LOAD C:/ST/STM32CubeIDE_1.15.0/STM32CubeIDE/plugins/com.st.stm32cube.ide.mcu.externaltools.gnu-tools-for-stm32.12.3.rel1.win32_1.0.100.202403111256/tools/bin/../lib/gcc/arm-none-eabi/12.3.1/thumb/v7e-m+fp/hard/crti.o
LOAD C:/ST/STM32CubeIDE_1.15.0/STM32CubeIDE/plugins/com.st.stm32cube.ide.mcu.externaltools.gnu-tools-for-stm32.12.3.rel1.win32_1.0.100.202403111256/tools/bin/../lib/gcc/arm-none-eabi/12.3.1/thumb/v7e-m+fp/hard/crtbegin.o
LOAD C:/ST/STM32CubeIDE_1.15.0/STM32CubeIDE/plugins/com.st.stm32cube.ide.mcu.externaltools.gnu-tools-for-stm32.12.3.rel1.win32_1.0.100.202403111256/tools/bin/../lib/gcc/arm-none-eabi/12.3.1/../../../../arm-none-eabi/lib/thumb/v7e-m+fp/hard/crt0.o
LOAD ./Core/Src/bno055.o
LOAD ./Core/Src/controller.o
LOAD ./Core/Src/encoder_driver.o
LOAD ./Core/Src/main.o
LOAD ./Core/Src/motor_driver.o
LOAD ./Core/Src/photoresistor_driver.o
LOAD ./Core/Src/radio_reciever_driver.o
LOAD ./Core/Src/servo_driver.o
LOAD ./Core/Src/stm32f4xx_hal_msp.o
LOAD ./Core/Src/stm32f4xx_it.o
LOAD ./Core/Src/syscalls.o
LOAD ./Core/Src/sysmem.o
LOAD ./Core/Src/system_stm32f4xx.o
LOAD ./Core/Src/task1.o
LOAD ./Core/Src/task2.o
LOAD ./Core/Src/vector.o
LOAD ./Core/Startup/startup_stm32f411retx.o
LOAD ./Drivers/STM32F4xx_HAL_Driver/Src/stm32f4xx_hal.o
LOAD ./Drivers/STM32F4xx_HAL_Driver/Src/stm32f4xx_hal_adc.o
LOAD ./Drivers/STM32F4xx_HAL_Driver/Src/stm32f4xx_hal_adc_ex.o
LOAD ./Drivers/STM32F4xx_HAL_Driver/Src/stm32f4xx_hal_cortex.o
LOAD ./Drivers/STM32F4xx_HAL_Driver/Src/stm32f4xx_hal_dma.o
LOAD ./Drivers/STM32F4xx_HAL_Driver/Src/stm32f4xx_hal_dma_ex.o
LOAD ./Drivers/STM32F4xx_HAL_Driver/Src/stm32f4xx_hal_exti.o
LOAD ./Drivers/STM32F4xx_HAL_Driver/Src/stm32f4xx_hal_flash.o
LOAD ./Drivers/STM32F4xx_HAL_Driver/Src/stm32f4xx_hal_flash_ex.o
LOAD ./Drivers/STM32F4xx_HAL_Driver/Src/stm32f4xx_hal_flash_ramfunc.o
LOAD ./Drivers/STM32F4xx_HAL_Driver/Src/stm32f4xx_hal_gpio.o
LOAD ./Drivers/STM32F4xx_HAL_Driver/Src/stm32f4xx_hal_i2c.o
LOAD ./Drivers/STM32F4xx_HAL_Driver/Src/stm32f4xx_hal_i2c_ex.o
LOAD ./Drivers/STM32F4xx_HAL_Driver/Src/stm32f4xx_hal_pwr.o
LOAD ./Drivers/STM32F4xx_HAL_Driver/Src/stm32f4xx_hal_pwr_ex.o
LOAD ./Drivers/STM32F4xx_HAL_Driver/Src/stm32f4xx_hal_rcc.o
LOAD ./Drivers/STM32F4xx_HAL_Driver/Src/stm32f4xx_hal_rcc_ex.o
LOAD ./Drivers/STM32F4xx_HAL_Driver/Src/stm32f4xx_hal_tim.o
LOAD ./Drivers/STM32F4xx_HAL_Driver/Src/stm32f4xx_hal_tim_ex.o
LOAD ./Drivers/STM32F4xx_HAL_Driver/Src/stm32f4xx_hal_uart.o
LOAD ./Drivers/STM32F4xx_HAL_Driver/Src/stm32f4xx_ll_adc.o
START GROUP
LOAD C:/ST/STM32CubeIDE_1.15.0/STM32CubeIDE/plugins/com.st.stm32cube.ide.mcu.externaltools.gnu-tools-for-stm32.12.3.rel1.win32_1.0.100.202403111256/tools/bin/../lib/gcc/arm-none-eabi/12.3.1/../../../../arm-none-eabi/lib/thumb/v7e-m+fp/hard\libc_nano.a
LOAD C:/ST/STM32CubeIDE_1.15.0/STM32CubeIDE/plugins/com.st.stm32cube.ide.mcu.externaltools.gnu-tools-for-stm32.12.3.rel1.win32_1.0.100.202403111256/tools/bin/../lib/gcc/arm-none-eabi/12.3.1/../../../../arm-none-eabi/lib/thumb/v7e-m+fp/hard\libm.a
END GROUP
START GROUP
LOAD C:/ST/STM32CubeIDE_1.15.0/STM32CubeIDE/plugins/com.st.stm32cube.ide.mcu.externaltools.gnu-tools-for-stm32.12.3.rel1.win32_1.0.100.202403111256/tools/bin/../lib/gcc/arm-none-eabi/12.3.1/thumb/v7e-m+fp/hard\libgcc.a
LOAD C:/ST/STM32CubeIDE_1.15.0/STM32CubeIDE/plugins/com.st.stm32cube.ide.mcu.externaltools.gnu-tools-for-stm32.12.3.rel1.win32_1.0.100.202403111256/tools/bin/../lib/gcc/arm-none-eabi/12.3.1/../../../../arm-none-eabi/lib/thumb/v7e-m+fp/hard\libc_nano.a
END GROUP
START GROUP
LOAD C:/ST/STM32CubeIDE_1.15.0/STM32CubeIDE/plugins/com.st.stm32cube.ide.mcu.externaltools.gnu-tools-for-stm32.12.3.rel1.win32_1.0.100.202403111256/tools/bin/../lib/gcc/arm-none-eabi/12.3.1/thumb/v7e-m+fp/hard\libgcc.a
LOAD C:/ST/STM32CubeIDE_1.15.0/STM32CubeIDE/plugins/com.st.stm32cube.ide.mcu.externaltools.gnu-tools-for-stm32.12.3.rel1.win32_1.0.100.202403111256/tools/bin/../lib/gcc/arm-none-eabi/12.3.1/../../../../arm-none-eabi/lib/thumb/v7e-m+fp/hard\libc_nano.a
LOAD C:/ST/STM32CubeIDE_1.15.0/STM32CubeIDE/plugins/com.st.stm32cube.ide.mcu.externaltools.gnu-tools-for-stm32.12.3.rel1.win32_1.0.100.202403111256/tools/bin/../lib/gcc/arm-none-eabi/12.3.1/../../../../arm-none-eabi/lib/thumb/v7e-m+fp/hard\libnosys.a
END GROUP
START GROUP
LOAD C:/ST/STM32CubeIDE_1.15.0/STM32CubeIDE/plugins/com.st.stm32cube.ide.mcu.externaltools.gnu-tools-for-stm32.12.3.rel1.win32_1.0.100.202403111256/tools/bin/../lib/gcc/arm-none-eabi/12.3.1/thumb/v7e-m+fp/hard\libgcc.a
LOAD C:/ST/STM32CubeIDE_1.15.0/STM32CubeIDE/plugins/com.st.stm32cube.ide.mcu.externaltools.gnu-tools-for-stm32.12.3.rel1.win32_1.0.100.202403111256/tools/bin/../lib/gcc/arm-none-eabi/12.3.1/../../../../arm-none-eabi/lib/thumb/v7e-m+fp/hard\libc_nano.a
LOAD C:/ST/STM32CubeIDE_1.15.0/STM32CubeIDE/plugins/com.st.stm32cube.ide.mcu.externaltools.gnu-tools-for-stm32.12.3.rel1.win32_1.0.100.202403111256/tools/bin/../lib/gcc/arm-none-eabi/12.3.1/../../../../arm-none-eabi/lib/thumb/v7e-m+fp/hard\libnosys.a
END GROUP
LOAD C:/ST/STM32CubeIDE_1.15.0/STM32CubeIDE/plugins/com.st.stm32cube.ide.mcu.externaltools.gnu-tools-for-stm32.12.3.rel1.win32_1.0.100.202403111256/tools/bin/../lib/gcc/arm-none-eabi/12.3.1/thumb/v7e-m+fp/hard/crtend.o
LOAD C:/ST/STM32CubeIDE_1.15.0/STM32CubeIDE/plugins/com.st.stm32cube.ide.mcu.externaltools.gnu-tools-for-stm32.12.3.rel1.win32_1.0.100.202403111256/tools/bin/../lib/gcc/arm-none-eabi/12.3.1/thumb/v7e-m+fp/hard/crtn.o
                0x20020000                        _estack = (ORIGIN (RAM) + LENGTH (RAM))
                0x00000200                        _Min_Heap_Size = 0x200
                0x00000400                        _Min_Stack_Size = 0x400

.isr_vector     0x08000000      0x198
                0x08000000                        . = ALIGN (0x4)
 *(.isr_vector)
 .isr_vector    0x08000000      0x198 ./Core/Startup/startup_stm32f411retx.o
                0x08000000                g_pfnVectors
                0x08000198                        . = ALIGN (0x4)

.text           0x08000198     0xbda8
                0x08000198                        . = ALIGN (0x4)
 *(.text)
 .text          0x08000198       0x40 C:/ST/STM32CubeIDE_1.15.0/STM32CubeIDE/plugins/com.st.stm32cube.ide.mcu.externaltools.gnu-tools-for-stm32.12.3.rel1.win32_1.0.100.202403111256/tools/bin/../lib/gcc/arm-none-eabi/12.3.1/thumb/v7e-m+fp/hard/crtbegin.o
 .text          0x080001d8      0x378 C:/ST/STM32CubeIDE_1.15.0/STM32CubeIDE/plugins/com.st.stm32cube.ide.mcu.externaltools.gnu-tools-for-stm32.12.3.rel1.win32_1.0.100.202403111256/tools/bin/../lib/gcc/arm-none-eabi/12.3.1/thumb/v7e-m+fp/hard\libgcc.a(_arm_addsubdf3.o)
                0x080001d8                __aeabi_drsub
                0x080001e0                __aeabi_dsub
                0x080001e0                __subdf3
                0x080001e4                __aeabi_dadd
                0x080001e4                __adddf3
                0x0800045c                __floatunsidf
                0x0800045c                __aeabi_ui2d
                0x0800047c                __floatsidf
                0x0800047c                __aeabi_i2d
                0x080004a0                __aeabi_f2d
                0x080004a0                __extendsfdf2
                0x080004e4                __floatundidf
                0x080004e4                __aeabi_ul2d
                0x080004f4                __floatdidf
                0x080004f4                __aeabi_l2d
 .text          0x08000550      0x424 C:/ST/STM32CubeIDE_1.15.0/STM32CubeIDE/plugins/com.st.stm32cube.ide.mcu.externaltools.gnu-tools-for-stm32.12.3.rel1.win32_1.0.100.202403111256/tools/bin/../lib/gcc/arm-none-eabi/12.3.1/thumb/v7e-m+fp/hard\libgcc.a(_arm_muldivdf3.o)
                0x08000550                __aeabi_dmul
                0x08000550                __muldf3
                0x080007a4                __divdf3
                0x080007a4                __aeabi_ddiv
 .text          0x08000974      0x110 C:/ST/STM32CubeIDE_1.15.0/STM32CubeIDE/plugins/com.st.stm32cube.ide.mcu.externaltools.gnu-tools-for-stm32.12.3.rel1.win32_1.0.100.202403111256/tools/bin/../lib/gcc/arm-none-eabi/12.3.1/thumb/v7e-m+fp/hard\libgcc.a(_arm_cmpdf2.o)
                0x08000974                __gtdf2
                0x08000974                __gedf2
                0x0800097c                __ltdf2
                0x0800097c                __ledf2
                0x08000984                __nedf2
                0x08000984                __eqdf2
                0x08000984                __cmpdf2
                0x08000a00                __aeabi_cdrcmple
                0x08000a10                __aeabi_cdcmpeq
                0x08000a10                __aeabi_cdcmple
                0x08000a20                __aeabi_dcmpeq
                0x08000a34                __aeabi_dcmplt
                0x08000a48                __aeabi_dcmple
                0x08000a5c                __aeabi_dcmpge
                0x08000a70                __aeabi_dcmpgt
 .text          0x08000a84       0x2c C:/ST/STM32CubeIDE_1.15.0/STM32CubeIDE/plugins/com.st.stm32cube.ide.mcu.externaltools.gnu-tools-for-stm32.12.3.rel1.win32_1.0.100.202403111256/tools/bin/../lib/gcc/arm-none-eabi/12.3.1/thumb/v7e-m+fp/hard\libgcc.a(_arm_unorddf2.o)
                0x08000a84                __unorddf2
                0x08000a84                __aeabi_dcmpun
 .text          0x08000ab0       0x50 C:/ST/STM32CubeIDE_1.15.0/STM32CubeIDE/plugins/com.st.stm32cube.ide.mcu.externaltools.gnu-tools-for-stm32.12.3.rel1.win32_1.0.100.202403111256/tools/bin/../lib/gcc/arm-none-eabi/12.3.1/thumb/v7e-m+fp/hard\libgcc.a(_arm_fixdfsi.o)
                0x08000ab0                __aeabi_d2iz
                0x08000ab0                __fixdfsi
 .text          0x08000b00       0xa0 C:/ST/STM32CubeIDE_1.15.0/STM32CubeIDE/plugins/com.st.stm32cube.ide.mcu.externaltools.gnu-tools-for-stm32.12.3.rel1.win32_1.0.100.202403111256/tools/bin/../lib/gcc/arm-none-eabi/12.3.1/thumb/v7e-m+fp/hard\libgcc.a(_arm_truncdfsf2.o)
                0x08000b00                __truncdfsf2
                0x08000b00                __aeabi_d2f
 .text          0x08000ba0       0x30 C:/ST/STM32CubeIDE_1.15.0/STM32CubeIDE/plugins/com.st.stm32cube.ide.mcu.externaltools.gnu-tools-for-stm32.12.3.rel1.win32_1.0.100.202403111256/tools/bin/../lib/gcc/arm-none-eabi/12.3.1/thumb/v7e-m+fp/hard\libgcc.a(_aeabi_uldivmod.o)
                0x08000ba0                __aeabi_uldivmod
 .text          0x08000bd0      0x2bc C:/ST/STM32CubeIDE_1.15.0/STM32CubeIDE/plugins/com.st.stm32cube.ide.mcu.externaltools.gnu-tools-for-stm32.12.3.rel1.win32_1.0.100.202403111256/tools/bin/../lib/gcc/arm-none-eabi/12.3.1/thumb/v7e-m+fp/hard\libgcc.a(_udivmoddi4.o)
                0x08000bd0                __udivmoddi4
 .text          0x08000e8c        0x4 C:/ST/STM32CubeIDE_1.15.0/STM32CubeIDE/plugins/com.st.stm32cube.ide.mcu.externaltools.gnu-tools-for-stm32.12.3.rel1.win32_1.0.100.202403111256/tools/bin/../lib/gcc/arm-none-eabi/12.3.1/thumb/v7e-m+fp/hard\libgcc.a(_dvmd_tls.o)
                0x08000e8c                __aeabi_idiv0
                0x08000e8c                __aeabi_ldiv0
 *(.text*)
 .text.bno055_init
                0x08000e90      0x248 ./Core/Src/bno055.o
                0x08000e90                bno055_init
 .text.bno055_temperature
                0x080010d8       0x66 ./Core/Src/bno055.o
                0x080010d8                bno055_temperature
 *fill*         0x0800113e        0x2 
 .text.bno055_acc_x
                0x08001140       0x80 ./Core/Src/bno055.o
                0x08001140                bno055_acc_x
 .text.bno055_acc_y
                0x080011c0       0x80 ./Core/Src/bno055.o
                0x080011c0                bno055_acc_y
 .text.bno055_acc_z
                0x08001240       0x80 ./Core/Src/bno055.o
                0x08001240                bno055_acc_z
 .text.bno055_acc
                0x080012c0       0xcc ./Core/Src/bno055.o
                0x080012c0                bno055_acc
 .text.bno055_linear_acc_x
                0x0800138c       0x80 ./Core/Src/bno055.o
                0x0800138c                bno055_linear_acc_x
 .text.bno055_linear_acc_y
                0x0800140c       0x80 ./Core/Src/bno055.o
                0x0800140c                bno055_linear_acc_y
 .text.bno055_linear_acc_z
                0x0800148c       0x80 ./Core/Src/bno055.o
                0x0800148c                bno055_linear_acc_z
 .text.bno055_linear_acc
                0x0800150c       0xcc ./Core/Src/bno055.o
                0x0800150c                bno055_linear_acc
 .text.bno055_gyro_x
                0x080015d8       0x80 ./Core/Src/bno055.o
                0x080015d8                bno055_gyro_x
 .text.bno055_gyro_y
                0x08001658       0x80 ./Core/Src/bno055.o
                0x08001658                bno055_gyro_y
 .text.bno055_gyro_z
                0x080016d8       0x80 ./Core/Src/bno055.o
                0x080016d8                bno055_gyro_z
 .text.bno055_gyro
                0x08001758       0xcc ./Core/Src/bno055.o
                0x08001758                bno055_gyro
 .text.bno055_mag_x
                0x08001824       0x6c ./Core/Src/bno055.o
                0x08001824                bno055_mag_x
 .text.bno055_mag_y
                0x08001890       0x6c ./Core/Src/bno055.o
                0x08001890                bno055_mag_y
 .text.bno055_mag_z
                0x080018fc       0x6c ./Core/Src/bno055.o
                0x080018fc                bno055_mag_z
 .text.bno055_mag
                0x08001968       0xb4 ./Core/Src/bno055.o
                0x08001968                bno055_mag
 .text.bno055_gravity_x
                0x08001a1c       0x84 ./Core/Src/bno055.o
                0x08001a1c                bno055_gravity_x
 .text.bno055_gravity_y
                0x08001aa0       0x84 ./Core/Src/bno055.o
                0x08001aa0                bno055_gravity_y
 .text.bno055_gravity_z
                0x08001b24       0x84 ./Core/Src/bno055.o
                0x08001b24                bno055_gravity_z
 .text.bno055_gravity
                0x08001ba8       0xcc ./Core/Src/bno055.o
                0x08001ba8                bno055_gravity
 .text.bno055_euler_yaw
                0x08001c74       0x84 ./Core/Src/bno055.o
                0x08001c74                bno055_euler_yaw
 .text.bno055_euler_roll
                0x08001cf8       0x84 ./Core/Src/bno055.o
                0x08001cf8                bno055_euler_roll
 .text.bno055_euler_pitch
                0x08001d7c       0x84 ./Core/Src/bno055.o
                0x08001d7c                bno055_euler_pitch
 .text.bno055_euler
                0x08001e00       0xcc ./Core/Src/bno055.o
                0x08001e00                bno055_euler
 .text.bno055_quaternion_w
                0x08001ecc       0x70 ./Core/Src/bno055.o
                0x08001ecc                bno055_quaternion_w
 .text.bno055_quaternion_x
                0x08001f3c       0x70 ./Core/Src/bno055.o
                0x08001f3c                bno055_quaternion_x
 .text.bno055_quaternion_y
                0x08001fac       0x70 ./Core/Src/bno055.o
                0x08001fac                bno055_quaternion_y
 .text.bno055_quaternion_z
                0x0800201c       0x70 ./Core/Src/bno055.o
                0x0800201c                bno055_quaternion_z
 .text.bno055_quaternion
                0x0800208c       0xdc ./Core/Src/bno055.o
                0x0800208c                bno055_quaternion
 .text.bno055_acc_conf
                0x08002168       0xd0 ./Core/Src/bno055.o
                0x08002168                bno055_acc_conf
 .text.bno055_gyr_conf
                0x08002238       0xce ./Core/Src/bno055.o
                0x08002238                bno055_gyr_conf
 .text.bno055_mag_conf
                0x08002306       0xd0 ./Core/Src/bno055.o
                0x08002306                bno055_mag_conf
 .text.bno055_set_opmode
                0x080023d6       0x4e ./Core/Src/bno055.o
                0x080023d6                bno055_set_opmode
 .text.bno055_set_unit
                0x08002424       0xd0 ./Core/Src/bno055.o
                0x08002424                bno055_set_unit
 .text.bno055_set_pwr_mode
                0x080024f4       0xba ./Core/Src/bno055.o
                0x080024f4                bno055_set_pwr_mode
 .text.bno055_reset
                0x080025ae       0x46 ./Core/Src/bno055.o
                0x080025ae                bno055_reset
 .text.bno055_on
                0x080025f4       0x46 ./Core/Src/bno055.o
                0x080025f4                bno055_on
 .text.bno055_read_regs
                0x0800263a       0x6c ./Core/Src/bno055.o
                0x0800263a                bno055_read_regs
 .text.bno055_write_regs
                0x080026a6       0x5c ./Core/Src/bno055.o
                0x080026a6                bno055_write_regs
 .text.bno055_set_page
                0x08002702       0x6c ./Core/Src/bno055.o
                0x08002702                bno055_set_page
 .text.reset_controller
                0x0800276e       0x3a ./Core/Src/controller.o
                0x0800276e                reset_controller
 .text.set_gains
                0x080027a8       0x32 ./Core/Src/controller.o
                0x080027a8                set_gains
 .text.set_target
                0x080027da       0x1e ./Core/Src/controller.o
                0x080027da                set_target
 .text.get_output
                0x080027f8      0x10e ./Core/Src/controller.o
                0x080027f8                get_output
 .text.enable_enc
                0x08002906       0x1c ./Core/Src/encoder_driver.o
                0x08002906                enable_enc
 .text.set_zero
                0x08002922       0x20 ./Core/Src/encoder_driver.o
                0x08002922                set_zero
 *fill*         0x08002942        0x2 
 .text.main     0x08002944      0x2b4 ./Core/Src/main.o
                0x08002944                main
 .text.SystemClock_Config
                0x08002bf8       0xd0 ./Core/Src/main.o
                0x08002bf8                SystemClock_Config
 .text.MX_ADC1_Init
                0x08002cc8       0x84 ./Core/Src/main.o
 .text.MX_I2C1_Init
                0x08002d4c       0x5c ./Core/Src/main.o
 .text.MX_TIM1_Init
                0x08002da8      0x140 ./Core/Src/main.o
 .text.MX_TIM2_Init
                0x08002ee8      0x100 ./Core/Src/main.o
 .text.MX_TIM4_Init
                0x08002fe8       0xa8 ./Core/Src/main.o
 .text.MX_TIM5_Init
                0x08003090       0xf0 ./Core/Src/main.o
 .text.MX_USART2_UART_Init
                0x08003180       0x54 ./Core/Src/main.o
 .text.MX_GPIO_Init
                0x080031d4       0x9c ./Core/Src/main.o
 .text.HAL_TIM_IC_CaptureCallback
                0x08003270       0x30 ./Core/Src/main.o
                0x08003270                HAL_TIM_IC_CaptureCallback
 .text.Error_Handler
                0x080032a0        0xc ./Core/Src/main.o
                0x080032a0                Error_Handler
 .text.enable_mot
                0x080032ac       0x5e ./Core/Src/motor_driver.o
                0x080032ac                enable_mot
 *fill*         0x0800330a        0x2 
 .text.set_PWM_percent
                0x0800330c       0x38 ./Core/Src/motor_driver.o
                0x0800330c                set_PWM_percent
 .text.set_PWM  0x08003344       0x96 ./Core/Src/motor_driver.o
                0x08003344                set_PWM
 .text.ADC_Select_CH1
                0x080033da       0x44 ./Core/Src/photoresistor_driver.o
                0x080033da                ADC_Select_CH1
 .text.ADC_Select_CH2
                0x0800341e       0x44 ./Core/Src/photoresistor_driver.o
                0x0800341e                ADC_Select_CH2
 .text.ADC_Select_CH3
                0x08003462       0x44 ./Core/Src/photoresistor_driver.o
                0x08003462                ADC_Select_CH3
 .text.ADC_Select_CH4
                0x080034a6       0x44 ./Core/Src/photoresistor_driver.o
                0x080034a6                ADC_Select_CH4
 .text.get_photo_value
                0x080034ea       0x96 ./Core/Src/photoresistor_driver.o
                0x080034ea                get_photo_value
 .text.get_photo_diff
                0x08003580       0x36 ./Core/Src/photoresistor_driver.o
                0x08003580                get_photo_diff
 .text.enable_rad
                0x080035b6       0x30 ./Core/Src/radio_reciever_driver.o
                0x080035b6                enable_rad
 .text.get_pulse
                0x080035e6       0x92 ./Core/Src/radio_reciever_driver.o
                0x080035e6                get_pulse
 .text.read_pulse
                0x08003678       0x5e ./Core/Src/radio_reciever_driver.o
                0x08003678                read_pulse
 .text.enable_servo
                0x080036d6       0x20 ./Core/Src/servo_driver.o
                0x080036d6                enable_servo
 *fill*         0x080036f6        0x2 
 .text.servo_get_position
                0x080036f8       0x70 ./Core/Src/servo_driver.o
                0x080036f8                servo_get_position
 .text.servo_set_position
                0x08003768       0xe0 ./Core/Src/servo_driver.o
                0x08003768                servo_set_position
 .text.HAL_MspInit
                0x08003848       0x50 ./Core/Src/stm32f4xx_hal_msp.o
                0x08003848                HAL_MspInit
 .text.HAL_ADC_MspInit
                0x08003898       0x88 ./Core/Src/stm32f4xx_hal_msp.o
                0x08003898                HAL_ADC_MspInit
 .text.HAL_I2C_MspInit
                0x08003920       0x90 ./Core/Src/stm32f4xx_hal_msp.o
                0x08003920                HAL_I2C_MspInit
 .text.HAL_TIM_Base_MspInit
                0x080039b0       0xf4 ./Core/Src/stm32f4xx_hal_msp.o
                0x080039b0                HAL_TIM_Base_MspInit
 .text.HAL_TIM_Encoder_MspInit
                0x08003aa4       0xa0 ./Core/Src/stm32f4xx_hal_msp.o
                0x08003aa4                HAL_TIM_Encoder_MspInit
 .text.HAL_TIM_MspPostInit
                0x08003b44       0xbc ./Core/Src/stm32f4xx_hal_msp.o
                0x08003b44                HAL_TIM_MspPostInit
 .text.HAL_UART_MspInit
                0x08003c00       0x90 ./Core/Src/stm32f4xx_hal_msp.o
                0x08003c00                HAL_UART_MspInit
 .text.NMI_Handler
                0x08003c90        0x8 ./Core/Src/stm32f4xx_it.o
                0x08003c90                NMI_Handler
 .text.HardFault_Handler
                0x08003c98        0x8 ./Core/Src/stm32f4xx_it.o
                0x08003c98                HardFault_Handler
 .text.MemManage_Handler
                0x08003ca0        0x8 ./Core/Src/stm32f4xx_it.o
                0x08003ca0                MemManage_Handler
 .text.BusFault_Handler
                0x08003ca8        0x8 ./Core/Src/stm32f4xx_it.o
                0x08003ca8                BusFault_Handler
 .text.UsageFault_Handler
                0x08003cb0        0x8 ./Core/Src/stm32f4xx_it.o
                0x08003cb0                UsageFault_Handler
 .text.SVC_Handler
                0x08003cb8        0xe ./Core/Src/stm32f4xx_it.o
                0x08003cb8                SVC_Handler
 .text.DebugMon_Handler
                0x08003cc6        0xe ./Core/Src/stm32f4xx_it.o
                0x08003cc6                DebugMon_Handler
 .text.PendSV_Handler
                0x08003cd4        0xe ./Core/Src/stm32f4xx_it.o
                0x08003cd4                PendSV_Handler
 .text.SysTick_Handler
                0x08003ce2        0xc ./Core/Src/stm32f4xx_it.o
                0x08003ce2                SysTick_Handler
 *fill*         0x08003cee        0x2 
 .text.TIM1_CC_IRQHandler
                0x08003cf0       0x14 ./Core/Src/stm32f4xx_it.o
                0x08003cf0                TIM1_CC_IRQHandler
 .text.TIM4_IRQHandler
                0x08003d04       0x14 ./Core/Src/stm32f4xx_it.o
                0x08003d04                TIM4_IRQHandler
 .text.SystemInit
                0x08003d18       0x24 ./Core/Src/system_stm32f4xx.o
                0x08003d18                SystemInit
 .text.main_task1
                0x08003d3c       0x46 ./Core/Src/task1.o
                0x08003d3c                main_task1
 .text.state0_task1
                0x08003d82       0x22 ./Core/Src/task1.o
                0x08003d82                state0_task1
 .text.state1_task1
                0x08003da4       0x50 ./Core/Src/task1.o
                0x08003da4                state1_task1
 .text.state2_task1
                0x08003df4       0x50 ./Core/Src/task1.o
                0x08003df4                state2_task1
 .text.get_pulse_percent
                0x08003e44       0x6c ./Core/Src/task1.o
                0x08003e44                get_pulse_percent
 .text.main_task2
                0x08003eb0       0xc4 ./Core/Src/task2.o
                0x08003eb0                main_task2
 .text.state0_task2
                0x08003f74       0x7c ./Core/Src/task2.o
                0x08003f74                state0_task2
 .text.state1_task2
                0x08003ff0       0x24 ./Core/Src/task2.o
                0x08003ff0                state1_task2
 .text.state2_task2
                0x08004014      0x17c ./Core/Src/task2.o
                0x08004014                state2_task2
 .text.state3_task2
                0x08004190      0x104 ./Core/Src/task2.o
                0x08004190                state3_task2
 .text.state4_task2
                0x08004294      0x138 ./Core/Src/task2.o
                0x08004294                state4_task2
 .text.state5_task2
                0x080043cc      0x13c ./Core/Src/task2.o
                0x080043cc                state5_task2
 .text.state6_task2
                0x08004508       0xa0 ./Core/Src/task2.o
                0x08004508                state6_task2
 .text.state7_task2
                0x080045a8      0x160 ./Core/Src/task2.o
                0x080045a8                state7_task2
 .text.state8_task2
                0x08004708       0x2e ./Core/Src/task2.o
                0x08004708                state8_task2
 *fill*         0x08004736        0x2 
 .text.state9_task2
                0x08004738      0x144 ./Core/Src/task2.o
                0x08004738                state9_task2
 .text.get_reflect_angle
                0x0800487c      0x2b0 ./Core/Src/task2.o
                0x0800487c                get_reflect_angle
 *fill*         0x08004b2c        0x4 
 .text.get_mag  0x08004b30       0xb8 ./Core/Src/vector.o
                0x08004b30                get_mag
 .text.Reset_Handler
                0x08004be8       0x50 ./Core/Startup/startup_stm32f411retx.o
                0x08004be8                Reset_Handler
 .text.Default_Handler
                0x08004c38        0x2 ./Core/Startup/startup_stm32f411retx.o
                0x08004c38                RTC_Alarm_IRQHandler
                0x08004c38                EXTI2_IRQHandler
                0x08004c38                SPI4_IRQHandler
                0x08004c38                DMA2_Stream5_IRQHandler
                0x08004c38                DMA1_Stream5_IRQHandler
                0x08004c38                PVD_IRQHandler
                0x08004c38                SDIO_IRQHandler
                0x08004c38                TAMP_STAMP_IRQHandler
                0x08004c38                EXTI3_IRQHandler
                0x08004c38                TIM1_UP_TIM10_IRQHandler
                0x08004c38                I2C3_ER_IRQHandler
                0x08004c38                EXTI0_IRQHandler
                0x08004c38                I2C2_EV_IRQHandler
                0x08004c38                DMA1_Stream2_IRQHandler
                0x08004c38                FPU_IRQHandler
                0x08004c38                DMA2_Stream2_IRQHandler
                0x08004c38                SPI1_IRQHandler
                0x08004c38                TIM1_BRK_TIM9_IRQHandler
                0x08004c38                DMA2_Stream3_IRQHandler
                0x08004c38                USART6_IRQHandler
                0x08004c38                DMA2_Stream0_IRQHandler
                0x08004c38                I2C1_EV_IRQHandler
                0x08004c38                DMA1_Stream6_IRQHandler
                0x08004c38                DMA1_Stream1_IRQHandler
                0x08004c38                TIM3_IRQHandler
                0x08004c38                RCC_IRQHandler
                0x08004c38                Default_Handler
                0x08004c38                EXTI15_10_IRQHandler
                0x08004c38                ADC_IRQHandler
                0x08004c38                DMA1_Stream7_IRQHandler
                0x08004c38                SPI5_IRQHandler
                0x08004c38                TIM5_IRQHandler
                0x08004c38                DMA2_Stream7_IRQHandler
                0x08004c38                I2C3_EV_IRQHandler
                0x08004c38                EXTI9_5_IRQHandler
                0x08004c38                RTC_WKUP_IRQHandler
                0x08004c38                SPI2_IRQHandler
                0x08004c38                DMA1_Stream0_IRQHandler
                0x08004c38                EXTI4_IRQHandler
                0x08004c38                WWDG_IRQHandler
                0x08004c38                TIM2_IRQHandler
                0x08004c38                OTG_FS_WKUP_IRQHandler
                0x08004c38                TIM1_TRG_COM_TIM11_IRQHandler
                0x08004c38                EXTI1_IRQHandler
                0x08004c38                USART2_IRQHandler
                0x08004c38                I2C2_ER_IRQHandler
                0x08004c38                DMA2_Stream1_IRQHandler
                0x08004c38                FLASH_IRQHandler
                0x08004c38                DMA2_Stream4_IRQHandler
                0x08004c38                USART1_IRQHandler
                0x08004c38                OTG_FS_IRQHandler
                0x08004c38                SPI3_IRQHandler
                0x08004c38                DMA1_Stream4_IRQHandler
                0x08004c38                I2C1_ER_IRQHandler
                0x08004c38                DMA2_Stream6_IRQHandler
                0x08004c38                DMA1_Stream3_IRQHandler
 *fill*         0x08004c3a        0x2 
 .text.HAL_Init
                0x08004c3c       0x44 ./Drivers/STM32F4xx_HAL_Driver/Src/stm32f4xx_hal.o
                0x08004c3c                HAL_Init
 .text.HAL_InitTick
                0x08004c80       0x60 ./Drivers/STM32F4xx_HAL_Driver/Src/stm32f4xx_hal.o
                0x08004c80                HAL_InitTick
 .text.HAL_IncTick
                0x08004ce0       0x28 ./Drivers/STM32F4xx_HAL_Driver/Src/stm32f4xx_hal.o
                0x08004ce0                HAL_IncTick
 .text.HAL_GetTick
                0x08004d08       0x18 ./Drivers/STM32F4xx_HAL_Driver/Src/stm32f4xx_hal.o
                0x08004d08                HAL_GetTick
 .text.HAL_Delay
                0x08004d20       0x48 ./Drivers/STM32F4xx_HAL_Driver/Src/stm32f4xx_hal.o
                0x08004d20                HAL_Delay
 .text.HAL_ADC_Init
                0x08004d68       0x86 ./Drivers/STM32F4xx_HAL_Driver/Src/stm32f4xx_hal_adc.o
                0x08004d68                HAL_ADC_Init
 *fill*         0x08004dee        0x2 
 .text.HAL_ADC_Start
                0x08004df0      0x168 ./Drivers/STM32F4xx_HAL_Driver/Src/stm32f4xx_hal_adc.o
                0x08004df0                HAL_ADC_Start
 .text.HAL_ADC_Stop
                0x08004f58       0x66 ./Drivers/STM32F4xx_HAL_Driver/Src/stm32f4xx_hal_adc.o
                0x08004f58                HAL_ADC_Stop
 .text.HAL_ADC_PollForConversion
                0x08004fbe      0x116 ./Drivers/STM32F4xx_HAL_Driver/Src/stm32f4xx_hal_adc.o
                0x08004fbe                HAL_ADC_PollForConversion
 .text.HAL_ADC_GetValue
                0x080050d4       0x1a ./Drivers/STM32F4xx_HAL_Driver/Src/stm32f4xx_hal_adc.o
                0x080050d4                HAL_ADC_GetValue
 *fill*         0x080050ee        0x2 
 .text.HAL_ADC_ConfigChannel
                0x080050f0      0x264 ./Drivers/STM32F4xx_HAL_Driver/Src/stm32f4xx_hal_adc.o
                0x080050f0                HAL_ADC_ConfigChannel
 .text.ADC_Init
                0x08005354      0x1f8 ./Drivers/STM32F4xx_HAL_Driver/Src/stm32f4xx_hal_adc.o
 .text.__NVIC_SetPriorityGrouping
                0x0800554c       0x48 ./Drivers/STM32F4xx_HAL_Driver/Src/stm32f4xx_hal_cortex.o
 .text.__NVIC_GetPriorityGrouping
                0x08005594       0x1c ./Drivers/STM32F4xx_HAL_Driver/Src/stm32f4xx_hal_cortex.o
 .text.__NVIC_EnableIRQ
                0x080055b0       0x3c ./Drivers/STM32F4xx_HAL_Driver/Src/stm32f4xx_hal_cortex.o
 .text.__NVIC_SetPriority
                0x080055ec       0x54 ./Drivers/STM32F4xx_HAL_Driver/Src/stm32f4xx_hal_cortex.o
 .text.NVIC_EncodePriority
                0x08005640       0x66 ./Drivers/STM32F4xx_HAL_Driver/Src/stm32f4xx_hal_cortex.o
 *fill*         0x080056a6        0x2 
 .text.SysTick_Config
                0x080056a8       0x44 ./Drivers/STM32F4xx_HAL_Driver/Src/stm32f4xx_hal_cortex.o
 .text.HAL_NVIC_SetPriorityGrouping
                0x080056ec       0x16 ./Drivers/STM32F4xx_HAL_Driver/Src/stm32f4xx_hal_cortex.o
                0x080056ec                HAL_NVIC_SetPriorityGrouping
 .text.HAL_NVIC_SetPriority
                0x08005702       0x38 ./Drivers/STM32F4xx_HAL_Driver/Src/stm32f4xx_hal_cortex.o
                0x08005702                HAL_NVIC_SetPriority
 .text.HAL_NVIC_EnableIRQ
                0x0800573a       0x1c ./Drivers/STM32F4xx_HAL_Driver/Src/stm32f4xx_hal_cortex.o
                0x0800573a                HAL_NVIC_EnableIRQ
 .text.HAL_SYSTICK_Config
                0x08005756       0x18 ./Drivers/STM32F4xx_HAL_Driver/Src/stm32f4xx_hal_cortex.o
                0x08005756                HAL_SYSTICK_Config
 *fill*         0x0800576e        0x2 
 .text.HAL_GPIO_Init
                0x08005770      0x308 ./Drivers/STM32F4xx_HAL_Driver/Src/stm32f4xx_hal_gpio.o
                0x08005770                HAL_GPIO_Init
 .text.HAL_I2C_Init
                0x08005a78      0x288 ./Drivers/STM32F4xx_HAL_Driver/Src/stm32f4xx_hal_i2c.o
                0x08005a78                HAL_I2C_Init
 .text.HAL_I2C_Master_Transmit
                0x08005d00      0x1fc ./Drivers/STM32F4xx_HAL_Driver/Src/stm32f4xx_hal_i2c.o
                0x08005d00                HAL_I2C_Master_Transmit
 .text.HAL_I2C_Master_Receive
                0x08005efc      0x464 ./Drivers/STM32F4xx_HAL_Driver/Src/stm32f4xx_hal_i2c.o
                0x08005efc                HAL_I2C_Master_Receive
 .text.HAL_I2C_Mem_Write
                0x08006360      0x1f4 ./Drivers/STM32F4xx_HAL_Driver/Src/stm32f4xx_hal_i2c.o
                0x08006360                HAL_I2C_Mem_Write
 .text.I2C_MasterRequestWrite
                0x08006554      0x104 ./Drivers/STM32F4xx_HAL_Driver/Src/stm32f4xx_hal_i2c.o
 .text.I2C_MasterRequestRead
                0x08006658      0x19c ./Drivers/STM32F4xx_HAL_Driver/Src/stm32f4xx_hal_i2c.o
 .text.I2C_RequestMemoryWrite
                0x080067f4      0x12c ./Drivers/STM32F4xx_HAL_Driver/Src/stm32f4xx_hal_i2c.o
 .text.I2C_WaitOnFlagUntilTimeout
                0x08006920       0xf4 ./Drivers/STM32F4xx_HAL_Driver/Src/stm32f4xx_hal_i2c.o
 .text.I2C_WaitOnMasterAddressFlagUntilTimeout
                0x08006a14      0x140 ./Drivers/STM32F4xx_HAL_Driver/Src/stm32f4xx_hal_i2c.o
 .text.I2C_WaitOnTXEFlagUntilTimeout
                0x08006b54       0x90 ./Drivers/STM32F4xx_HAL_Driver/Src/stm32f4xx_hal_i2c.o
 .text.I2C_WaitOnBTFFlagUntilTimeout
                0x08006be4       0x90 ./Drivers/STM32F4xx_HAL_Driver/Src/stm32f4xx_hal_i2c.o
 .text.I2C_WaitOnRXNEFlagUntilTimeout
                0x08006c74       0xba ./Drivers/STM32F4xx_HAL_Driver/Src/stm32f4xx_hal_i2c.o
 .text.I2C_IsAcknowledgeFailed
                0x08006d2e       0x5e ./Drivers/STM32F4xx_HAL_Driver/Src/stm32f4xx_hal_i2c.o
 .text.HAL_RCC_OscConfig
                0x08006d8c      0x4f0 ./Drivers/STM32F4xx_HAL_Driver/Src/stm32f4xx_hal_rcc.o
                0x08006d8c                HAL_RCC_OscConfig
 .text.HAL_RCC_ClockConfig
                0x0800727c      0x1cc ./Drivers/STM32F4xx_HAL_Driver/Src/stm32f4xx_hal_rcc.o
                0x0800727c                HAL_RCC_ClockConfig
 .text.HAL_RCC_GetSysClockFreq
                0x08007448      0x20c ./Drivers/STM32F4xx_HAL_Driver/Src/stm32f4xx_hal_rcc.o
                0x08007448                HAL_RCC_GetSysClockFreq
 .text.HAL_RCC_GetHCLKFreq
                0x08007654       0x18 ./Drivers/STM32F4xx_HAL_Driver/Src/stm32f4xx_hal_rcc.o
                0x08007654                HAL_RCC_GetHCLKFreq
 .text.HAL_RCC_GetPCLK1Freq
                0x0800766c       0x28 ./Drivers/STM32F4xx_HAL_Driver/Src/stm32f4xx_hal_rcc.o
                0x0800766c                HAL_RCC_GetPCLK1Freq
 .text.HAL_RCC_GetPCLK2Freq
                0x08007694       0x28 ./Drivers/STM32F4xx_HAL_Driver/Src/stm32f4xx_hal_rcc.o
                0x08007694                HAL_RCC_GetPCLK2Freq
 .text.HAL_TIM_Base_Init
                0x080076bc       0x9e ./Drivers/STM32F4xx_HAL_Driver/Src/stm32f4xx_hal_tim.o
                0x080076bc                HAL_TIM_Base_Init
 .text.HAL_TIM_PWM_Init
                0x0800775a       0x9e ./Drivers/STM32F4xx_HAL_Driver/Src/stm32f4xx_hal_tim.o
                0x0800775a                HAL_TIM_PWM_Init
 .text.HAL_TIM_PWM_MspInit
                0x080077f8       0x14 ./Drivers/STM32F4xx_HAL_Driver/Src/stm32f4xx_hal_tim.o
                0x080077f8                HAL_TIM_PWM_MspInit
 .text.HAL_TIM_PWM_Start
                0x0800780c      0x160 ./Drivers/STM32F4xx_HAL_Driver/Src/stm32f4xx_hal_tim.o
                0x0800780c                HAL_TIM_PWM_Start
 .text.HAL_TIM_IC_Init
                0x0800796c       0x9e ./Drivers/STM32F4xx_HAL_Driver/Src/stm32f4xx_hal_tim.o
                0x0800796c                HAL_TIM_IC_Init
 .text.HAL_TIM_IC_MspInit
                0x08007a0a       0x14 ./Drivers/STM32F4xx_HAL_Driver/Src/stm32f4xx_hal_tim.o
                0x08007a0a                HAL_TIM_IC_MspInit
 *fill*         0x08007a1e        0x2 
 .text.HAL_TIM_IC_Start_IT
                0x08007a20      0x234 ./Drivers/STM32F4xx_HAL_Driver/Src/stm32f4xx_hal_tim.o
                0x08007a20                HAL_TIM_IC_Start_IT
 .text.HAL_TIM_Encoder_Init
                0x08007c54      0x14c ./Drivers/STM32F4xx_HAL_Driver/Src/stm32f4xx_hal_tim.o
                0x08007c54                HAL_TIM_Encoder_Init
 .text.HAL_TIM_Encoder_Start
                0x08007da0      0x11c ./Drivers/STM32F4xx_HAL_Driver/Src/stm32f4xx_hal_tim.o
                0x08007da0                HAL_TIM_Encoder_Start
 .text.HAL_TIM_IRQHandler
                0x08007ebc      0x1e0 ./Drivers/STM32F4xx_HAL_Driver/Src/stm32f4xx_hal_tim.o
                0x08007ebc                HAL_TIM_IRQHandler
 .text.HAL_TIM_IC_ConfigChannel
                0x0800809c      0x138 ./Drivers/STM32F4xx_HAL_Driver/Src/stm32f4xx_hal_tim.o
                0x0800809c                HAL_TIM_IC_ConfigChannel
 .text.HAL_TIM_PWM_ConfigChannel
                0x080081d4      0x184 ./Drivers/STM32F4xx_HAL_Driver/Src/stm32f4xx_hal_tim.o
                0x080081d4                HAL_TIM_PWM_ConfigChannel
 .text.HAL_TIM_ConfigClockSource
                0x08008358      0x18e ./Drivers/STM32F4xx_HAL_Driver/Src/stm32f4xx_hal_tim.o
                0x08008358                HAL_TIM_ConfigClockSource
 .text.HAL_TIM_SlaveConfigSynchro
                0x080084e6       0x84 ./Drivers/STM32F4xx_HAL_Driver/Src/stm32f4xx_hal_tim.o
                0x080084e6                HAL_TIM_SlaveConfigSynchro
 *fill*         0x0800856a        0x2 
 .text.HAL_TIM_ReadCapturedValue
                0x0800856c       0x88 ./Drivers/STM32F4xx_HAL_Driver/Src/stm32f4xx_hal_tim.o
                0x0800856c                HAL_TIM_ReadCapturedValue
 .text.HAL_TIM_PeriodElapsedCallback
                0x080085f4       0x14 ./Drivers/STM32F4xx_HAL_Driver/Src/stm32f4xx_hal_tim.o
                0x080085f4                HAL_TIM_PeriodElapsedCallback
 .text.HAL_TIM_OC_DelayElapsedCallback
                0x08008608       0x14 ./Drivers/STM32F4xx_HAL_Driver/Src/stm32f4xx_hal_tim.o
                0x08008608                HAL_TIM_OC_DelayElapsedCallback
 .text.HAL_TIM_PWM_PulseFinishedCallback
                0x0800861c       0x14 ./Drivers/STM32F4xx_HAL_Driver/Src/stm32f4xx_hal_tim.o
                0x0800861c                HAL_TIM_PWM_PulseFinishedCallback
 .text.HAL_TIM_TriggerCallback
                0x08008630       0x14 ./Drivers/STM32F4xx_HAL_Driver/Src/stm32f4xx_hal_tim.o
                0x08008630                HAL_TIM_TriggerCallback
 .text.TIM_Base_SetConfig
                0x08008644      0x118 ./Drivers/STM32F4xx_HAL_Driver/Src/stm32f4xx_hal_tim.o
                0x08008644                TIM_Base_SetConfig
 .text.TIM_OC1_SetConfig
                0x0800875c       0xcc ./Drivers/STM32F4xx_HAL_Driver/Src/stm32f4xx_hal_tim.o
 .text.TIM_OC2_SetConfig
                0x08008828       0xd8 ./Drivers/STM32F4xx_HAL_Driver/Src/stm32f4xx_hal_tim.o
                0x08008828                TIM_OC2_SetConfig
 .text.TIM_OC3_SetConfig
                0x08008900       0xd4 ./Drivers/STM32F4xx_HAL_Driver/Src/stm32f4xx_hal_tim.o
 .text.TIM_OC4_SetConfig
                0x080089d4       0xa0 ./Drivers/STM32F4xx_HAL_Driver/Src/stm32f4xx_hal_tim.o
 .text.TIM_SlaveTimer_SetConfig
                0x08008a74      0x122 ./Drivers/STM32F4xx_HAL_Driver/Src/stm32f4xx_hal_tim.o
 *fill*         0x08008b96        0x2 
 .text.TIM_TI1_SetConfig
                0x08008b98       0xd0 ./Drivers/STM32F4xx_HAL_Driver/Src/stm32f4xx_hal_tim.o
                0x08008b98                TIM_TI1_SetConfig
 .text.TIM_TI1_ConfigInputStage
                0x08008c68       0x5e ./Drivers/STM32F4xx_HAL_Driver/Src/stm32f4xx_hal_tim.o
 .text.TIM_TI2_SetConfig
                0x08008cc6       0x7a ./Drivers/STM32F4xx_HAL_Driver/Src/stm32f4xx_hal_tim.o
 .text.TIM_TI2_ConfigInputStage
                0x08008d40       0x60 ./Drivers/STM32F4xx_HAL_Driver/Src/stm32f4xx_hal_tim.o
 .text.TIM_TI3_SetConfig
                0x08008da0       0x78 ./Drivers/STM32F4xx_HAL_Driver/Src/stm32f4xx_hal_tim.o
 .text.TIM_TI4_SetConfig
                0x08008e18       0x7a ./Drivers/STM32F4xx_HAL_Driver/Src/stm32f4xx_hal_tim.o
 .text.TIM_ITRx_SetConfig
                0x08008e92       0x36 ./Drivers/STM32F4xx_HAL_Driver/Src/stm32f4xx_hal_tim.o
 .text.TIM_ETR_SetConfig
                0x08008ec8       0x40 ./Drivers/STM32F4xx_HAL_Driver/Src/stm32f4xx_hal_tim.o
                0x08008ec8                TIM_ETR_SetConfig
 .text.TIM_CCxChannelCmd
                0x08008f08       0x4a ./Drivers/STM32F4xx_HAL_Driver/Src/stm32f4xx_hal_tim.o
                0x08008f08                TIM_CCxChannelCmd
 *fill*         0x08008f52        0x2 
 .text.HAL_TIMEx_MasterConfigSynchronization
                0x08008f54       0xdc ./Drivers/STM32F4xx_HAL_Driver/Src/stm32f4xx_hal_tim_ex.o
                0x08008f54                HAL_TIMEx_MasterConfigSynchronization
 .text.HAL_TIMEx_CommutCallback
                0x08009030       0x14 ./Drivers/STM32F4xx_HAL_Driver/Src/stm32f4xx_hal_tim_ex.o
                0x08009030                HAL_TIMEx_CommutCallback
 .text.HAL_TIMEx_BreakCallback
                0x08009044       0x14 ./Drivers/STM32F4xx_HAL_Driver/Src/stm32f4xx_hal_tim_ex.o
                0x08009044                HAL_TIMEx_BreakCallback
 .text.HAL_HalfDuplex_Init
                0x08009058       0xb0 ./Drivers/STM32F4xx_HAL_Driver/Src/stm32f4xx_hal_uart.o
                0x08009058                HAL_HalfDuplex_Init
 .text.UART_SetConfig
                0x08009108      0x4e8 ./Drivers/STM32F4xx_HAL_Driver/Src/stm32f4xx_hal_uart.o
 .text.abs      0x080095f0        0x8 C:/ST/STM32CubeIDE_1.15.0/STM32CubeIDE/plugins/com.st.stm32cube.ide.mcu.externaltools.gnu-tools-for-stm32.12.3.rel1.win32_1.0.100.202403111256/tools/bin/../lib/gcc/arm-none-eabi/12.3.1/../../../../arm-none-eabi/lib/thumb/v7e-m+fp/hard\libc_nano.a(libc_a-abs.o)
                0x080095f0                abs
 .text.memset   0x080095f8       0x10 C:/ST/STM32CubeIDE_1.15.0/STM32CubeIDE/plugins/com.st.stm32cube.ide.mcu.externaltools.gnu-tools-for-stm32.12.3.rel1.win32_1.0.100.202403111256/tools/bin/../lib/gcc/arm-none-eabi/12.3.1/../../../../arm-none-eabi/lib/thumb/v7e-m+fp/hard\libc_nano.a(libc_a-memset.o)
                0x080095f8                memset
 .text.__errno  0x08009608        0xc C:/ST/STM32CubeIDE_1.15.0/STM32CubeIDE/plugins/com.st.stm32cube.ide.mcu.externaltools.gnu-tools-for-stm32.12.3.rel1.win32_1.0.100.202403111256/tools/bin/../lib/gcc/arm-none-eabi/12.3.1/../../../../arm-none-eabi/lib/thumb/v7e-m+fp/hard\libc_nano.a(libc_a-errno.o)
                0x08009608                __errno
 .text.__libc_init_array
                0x08009614       0x48 C:/ST/STM32CubeIDE_1.15.0/STM32CubeIDE/plugins/com.st.stm32cube.ide.mcu.externaltools.gnu-tools-for-stm32.12.3.rel1.win32_1.0.100.202403111256/tools/bin/../lib/gcc/arm-none-eabi/12.3.1/../../../../arm-none-eabi/lib/thumb/v7e-m+fp/hard\libc_nano.a(libc_a-init.o)
                0x08009614                __libc_init_array
 .text.memcpy   0x0800965c       0x1c C:/ST/STM32CubeIDE_1.15.0/STM32CubeIDE/plugins/com.st.stm32cube.ide.mcu.externaltools.gnu-tools-for-stm32.12.3.rel1.win32_1.0.100.202403111256/tools/bin/../lib/gcc/arm-none-eabi/12.3.1/../../../../arm-none-eabi/lib/thumb/v7e-m+fp/hard\libc_nano.a(libc_a-memcpy-stub.o)
                0x0800965c                memcpy
 .text.acos     0x08009678       0x68 C:/ST/STM32CubeIDE_1.15.0/STM32CubeIDE/plugins/com.st.stm32cube.ide.mcu.externaltools.gnu-tools-for-stm32.12.3.rel1.win32_1.0.100.202403111256/tools/bin/../lib/gcc/arm-none-eabi/12.3.1/../../../../arm-none-eabi/lib/thumb/v7e-m+fp/hard\libm.a(libm_a-w_acos.o)
                0x08009678                acos
 .text.asin     0x080096e0       0x68 C:/ST/STM32CubeIDE_1.15.0/STM32CubeIDE/plugins/com.st.stm32cube.ide.mcu.externaltools.gnu-tools-for-stm32.12.3.rel1.win32_1.0.100.202403111256/tools/bin/../lib/gcc/arm-none-eabi/12.3.1/../../../../arm-none-eabi/lib/thumb/v7e-m+fp/hard\libm.a(libm_a-w_asin.o)
                0x080096e0                asin
 .text.pow      0x08009748       0xe0 C:/ST/STM32CubeIDE_1.15.0/STM32CubeIDE/plugins/com.st.stm32cube.ide.mcu.externaltools.gnu-tools-for-stm32.12.3.rel1.win32_1.0.100.202403111256/tools/bin/../lib/gcc/arm-none-eabi/12.3.1/../../../../arm-none-eabi/lib/thumb/v7e-m+fp/hard\libm.a(libm_a-w_pow.o)
                0x08009748                pow
 .text.sqrt     0x08009828       0x58 C:/ST/STM32CubeIDE_1.15.0/STM32CubeIDE/plugins/com.st.stm32cube.ide.mcu.externaltools.gnu-tools-for-stm32.12.3.rel1.win32_1.0.100.202403111256/tools/bin/../lib/gcc/arm-none-eabi/12.3.1/../../../../arm-none-eabi/lib/thumb/v7e-m+fp/hard\libm.a(libm_a-w_sqrt.o)
                0x08009828                sqrt
 .text.cos      0x08009880       0xa8 C:/ST/STM32CubeIDE_1.15.0/STM32CubeIDE/plugins/com.st.stm32cube.ide.mcu.externaltools.gnu-tools-for-stm32.12.3.rel1.win32_1.0.100.202403111256/tools/bin/../lib/gcc/arm-none-eabi/12.3.1/../../../../arm-none-eabi/lib/thumb/v7e-m+fp/hard\libm.a(libm_a-s_cos.o)
                0x08009880                cos
 .text.fabs     0x08009928       0x10 C:/ST/STM32CubeIDE_1.15.0/STM32CubeIDE/plugins/com.st.stm32cube.ide.mcu.externaltools.gnu-tools-for-stm32.12.3.rel1.win32_1.0.100.202403111256/tools/bin/../lib/gcc/arm-none-eabi/12.3.1/../../../../arm-none-eabi/lib/thumb/v7e-m+fp/hard\libm.a(libm_a-s_fabs.o)
                0x08009928                fabs
 .text.sin      0x08009938       0xa8 C:/ST/STM32CubeIDE_1.15.0/STM32CubeIDE/plugins/com.st.stm32cube.ide.mcu.externaltools.gnu-tools-for-stm32.12.3.rel1.win32_1.0.100.202403111256/tools/bin/../lib/gcc/arm-none-eabi/12.3.1/../../../../arm-none-eabi/lib/thumb/v7e-m+fp/hard\libm.a(libm_a-s_sin.o)
                0x08009938                sin
 .text.finite   0x080099e0       0x16 C:/ST/STM32CubeIDE_1.15.0/STM32CubeIDE/plugins/com.st.stm32cube.ide.mcu.externaltools.gnu-tools-for-stm32.12.3.rel1.win32_1.0.100.202403111256/tools/bin/../lib/gcc/arm-none-eabi/12.3.1/../../../../arm-none-eabi/lib/thumb/v7e-m+fp/hard\libm.a(libm_a-s_finite.o)
                0x080099e0                finite
 *fill*         0x080099f6        0x2 
 .text.nan      0x080099f8       0x10 C:/ST/STM32CubeIDE_1.15.0/STM32CubeIDE/plugins/com.st.stm32cube.ide.mcu.externaltools.gnu-tools-for-stm32.12.3.rel1.win32_1.0.100.202403111256/tools/bin/../lib/gcc/arm-none-eabi/12.3.1/../../../../arm-none-eabi/lib/thumb/v7e-m+fp/hard\libm.a(libm_a-s_nan.o)
                0x080099f8                nan
 .text.__ieee754_sqrt
                0x08009a08      0x1b4 C:/ST/STM32CubeIDE_1.15.0/STM32CubeIDE/plugins/com.st.stm32cube.ide.mcu.externaltools.gnu-tools-for-stm32.12.3.rel1.win32_1.0.100.202403111256/tools/bin/../lib/gcc/arm-none-eabi/12.3.1/../../../../arm-none-eabi/lib/thumb/v7e-m+fp/hard\libm.a(libm_a-e_sqrt.o)
                0x08009a08                __ieee754_sqrt
 *fill*         0x08009bbc        0x4 
 .text.__kernel_cos
                0x08009bc0      0x18c C:/ST/STM32CubeIDE_1.15.0/STM32CubeIDE/plugins/com.st.stm32cube.ide.mcu.externaltools.gnu-tools-for-stm32.12.3.rel1.win32_1.0.100.202403111256/tools/bin/../lib/gcc/arm-none-eabi/12.3.1/../../../../arm-none-eabi/lib/thumb/v7e-m+fp/hard\libm.a(libm_a-k_cos.o)
                0x08009bc0                __kernel_cos
 *fill*         0x08009d4c        0x4 
 .text.__kernel_sin
                0x08009d50      0x174 C:/ST/STM32CubeIDE_1.15.0/STM32CubeIDE/plugins/com.st.stm32cube.ide.mcu.externaltools.gnu-tools-for-stm32.12.3.rel1.win32_1.0.100.202403111256/tools/bin/../lib/gcc/arm-none-eabi/12.3.1/../../../../arm-none-eabi/lib/thumb/v7e-m+fp/hard\libm.a(libm_a-k_sin.o)
                0x08009d50                __kernel_sin
 *fill*         0x08009ec4        0x4 
 .text.__ieee754_acos
                0x08009ec8      0x4b8 C:/ST/STM32CubeIDE_1.15.0/STM32CubeIDE/plugins/com.st.stm32cube.ide.mcu.externaltools.gnu-tools-for-stm32.12.3.rel1.win32_1.0.100.202403111256/tools/bin/../lib/gcc/arm-none-eabi/12.3.1/../../../../arm-none-eabi/lib/thumb/v7e-m+fp/hard\libm.a(libm_a-e_acos.o)
                0x08009ec8                __ieee754_acos
 .text.__ieee754_asin
                0x0800a380      0x408 C:/ST/STM32CubeIDE_1.15.0/STM32CubeIDE/plugins/com.st.stm32cube.ide.mcu.externaltools.gnu-tools-for-stm32.12.3.rel1.win32_1.0.100.202403111256/tools/bin/../lib/gcc/arm-none-eabi/12.3.1/../../../../arm-none-eabi/lib/thumb/v7e-m+fp/hard\libm.a(libm_a-e_asin.o)
                0x0800a380                __ieee754_asin
 .text.__ieee754_pow
                0x0800a788      0xa88 C:/ST/STM32CubeIDE_1.15.0/STM32CubeIDE/plugins/com.st.stm32cube.ide.mcu.externaltools.gnu-tools-for-stm32.12.3.rel1.win32_1.0.100.202403111256/tools/bin/../lib/gcc/arm-none-eabi/12.3.1/../../../../arm-none-eabi/lib/thumb/v7e-m+fp/hard\libm.a(libm_a-e_pow.o)
                0x0800a788                __ieee754_pow
 .text.__ieee754_rem_pio2
                0x0800b210      0x3f8 C:/ST/STM32CubeIDE_1.15.0/STM32CubeIDE/plugins/com.st.stm32cube.ide.mcu.externaltools.gnu-tools-for-stm32.12.3.rel1.win32_1.0.100.202403111256/tools/bin/../lib/gcc/arm-none-eabi/12.3.1/../../../../arm-none-eabi/lib/thumb/v7e-m+fp/hard\libm.a(libm_a-e_rem_pio2.o)
                0x0800b210                __ieee754_rem_pio2
 .text.scalbn   0x0800b608       0xfc C:/ST/STM32CubeIDE_1.15.0/STM32CubeIDE/plugins/com.st.stm32cube.ide.mcu.externaltools.gnu-tools-for-stm32.12.3.rel1.win32_1.0.100.202403111256/tools/bin/../lib/gcc/arm-none-eabi/12.3.1/../../../../arm-none-eabi/lib/thumb/v7e-m+fp/hard\libm.a(libm_a-s_scalbn.o)
                0x0800b608                scalbn
 .text.with_errno
                0x0800b704       0x24 C:/ST/STM32CubeIDE_1.15.0/STM32CubeIDE/plugins/com.st.stm32cube.ide.mcu.externaltools.gnu-tools-for-stm32.12.3.rel1.win32_1.0.100.202403111256/tools/bin/../lib/gcc/arm-none-eabi/12.3.1/../../../../arm-none-eabi/lib/thumb/v7e-m+fp/hard\libm.a(libm_a-math_err.o)
 .text.xflow    0x0800b728       0x32 C:/ST/STM32CubeIDE_1.15.0/STM32CubeIDE/plugins/com.st.stm32cube.ide.mcu.externaltools.gnu-tools-for-stm32.12.3.rel1.win32_1.0.100.202403111256/tools/bin/../lib/gcc/arm-none-eabi/12.3.1/../../../../arm-none-eabi/lib/thumb/v7e-m+fp/hard\libm.a(libm_a-math_err.o)
 *fill*         0x0800b75a        0x6 
 .text.__math_uflow
                0x0800b760       0x10 C:/ST/STM32CubeIDE_1.15.0/STM32CubeIDE/plugins/com.st.stm32cube.ide.mcu.externaltools.gnu-tools-for-stm32.12.3.rel1.win32_1.0.100.202403111256/tools/bin/../lib/gcc/arm-none-eabi/12.3.1/../../../../arm-none-eabi/lib/thumb/v7e-m+fp/hard\libm.a(libm_a-math_err.o)
                0x0800b760                __math_uflow
 .text.__math_oflow
                0x0800b770       0x10 C:/ST/STM32CubeIDE_1.15.0/STM32CubeIDE/plugins/com.st.stm32cube.ide.mcu.externaltools.gnu-tools-for-stm32.12.3.rel1.win32_1.0.100.202403111256/tools/bin/../lib/gcc/arm-none-eabi/12.3.1/../../../../arm-none-eabi/lib/thumb/v7e-m+fp/hard\libm.a(libm_a-math_err.o)
                0x0800b770                __math_oflow
 .text.__kernel_rem_pio2
                0x0800b780      0x6b0 C:/ST/STM32CubeIDE_1.15.0/STM32CubeIDE/plugins/com.st.stm32cube.ide.mcu.externaltools.gnu-tools-for-stm32.12.3.rel1.win32_1.0.100.202403111256/tools/bin/../lib/gcc/arm-none-eabi/12.3.1/../../../../arm-none-eabi/lib/thumb/v7e-m+fp/hard\libm.a(libm_a-k_rem_pio2.o)
                0x0800b780                __kernel_rem_pio2
 .text.floor    0x0800be30       0xf8 C:/ST/STM32CubeIDE_1.15.0/STM32CubeIDE/plugins/com.st.stm32cube.ide.mcu.externaltools.gnu-tools-for-stm32.12.3.rel1.win32_1.0.100.202403111256/tools/bin/../lib/gcc/arm-none-eabi/12.3.1/../../../../arm-none-eabi/lib/thumb/v7e-m+fp/hard\libm.a(libm_a-s_floor.o)
                0x0800be30                floor
 *(.glue_7)
 .glue_7        0x0800bf28        0x0 linker stubs
 *(.glue_7t)
 .glue_7t       0x0800bf28        0x0 linker stubs
 *(.eh_frame)
 .eh_frame      0x0800bf28        0x0 C:/ST/STM32CubeIDE_1.15.0/STM32CubeIDE/plugins/com.st.stm32cube.ide.mcu.externaltools.gnu-tools-for-stm32.12.3.rel1.win32_1.0.100.202403111256/tools/bin/../lib/gcc/arm-none-eabi/12.3.1/thumb/v7e-m+fp/hard/crtbegin.o
 *(.init)
 .init          0x0800bf28        0x4 C:/ST/STM32CubeIDE_1.15.0/STM32CubeIDE/plugins/com.st.stm32cube.ide.mcu.externaltools.gnu-tools-for-stm32.12.3.rel1.win32_1.0.100.202403111256/tools/bin/../lib/gcc/arm-none-eabi/12.3.1/thumb/v7e-m+fp/hard/crti.o
                0x0800bf28                _init
 .init          0x0800bf2c        0x8 C:/ST/STM32CubeIDE_1.15.0/STM32CubeIDE/plugins/com.st.stm32cube.ide.mcu.externaltools.gnu-tools-for-stm32.12.3.rel1.win32_1.0.100.202403111256/tools/bin/../lib/gcc/arm-none-eabi/12.3.1/thumb/v7e-m+fp/hard/crtn.o
 *(.fini)
 .fini          0x0800bf34        0x4 C:/ST/STM32CubeIDE_1.15.0/STM32CubeIDE/plugins/com.st.stm32cube.ide.mcu.externaltools.gnu-tools-for-stm32.12.3.rel1.win32_1.0.100.202403111256/tools/bin/../lib/gcc/arm-none-eabi/12.3.1/thumb/v7e-m+fp/hard/crti.o
                0x0800bf34                _fini
 .fini          0x0800bf38        0x8 C:/ST/STM32CubeIDE_1.15.0/STM32CubeIDE/plugins/com.st.stm32cube.ide.mcu.externaltools.gnu-tools-for-stm32.12.3.rel1.win32_1.0.100.202403111256/tools/bin/../lib/gcc/arm-none-eabi/12.3.1/thumb/v7e-m+fp/hard/crtn.o
                0x0800bf40                        . = ALIGN (0x4)
                0x0800bf40                        _etext = .

.vfp11_veneer   0x0800bf40        0x0
 .vfp11_veneer  0x0800bf40        0x0 linker stubs

.v4_bx          0x0800bf40        0x0
 .v4_bx         0x0800bf40        0x0 linker stubs

.iplt           0x0800bf40        0x0
 .iplt          0x0800bf40        0x0 C:/ST/STM32CubeIDE_1.15.0/STM32CubeIDE/plugins/com.st.stm32cube.ide.mcu.externaltools.gnu-tools-for-stm32.12.3.rel1.win32_1.0.100.202403111256/tools/bin/../lib/gcc/arm-none-eabi/12.3.1/thumb/v7e-m+fp/hard/crtbegin.o

.rodata         0x0800bf40      0x290
                0x0800bf40                        . = ALIGN (0x4)
 *(.rodata)
 .rodata        0x0800bf40       0x5c ./Core/Src/main.o
 .rodata        0x0800bf9c        0xc ./Core/Src/task2.o
 *(.rodata*)
 .rodata.AHBPrescTable
                0x0800bfa8       0x10 ./Core/Src/system_stm32f4xx.o
                0x0800bfa8                AHBPrescTable
 .rodata.APBPrescTable
                0x0800bfb8        0x8 ./Core/Src/system_stm32f4xx.o
                0x0800bfb8                APBPrescTable
 .rodata.acos.str1.1
                0x0800bfc0        0x1 C:/ST/STM32CubeIDE_1.15.0/STM32CubeIDE/plugins/com.st.stm32cube.ide.mcu.externaltools.gnu-tools-for-stm32.12.3.rel1.win32_1.0.100.202403111256/tools/bin/../lib/gcc/arm-none-eabi/12.3.1/../../../../arm-none-eabi/lib/thumb/v7e-m+fp/hard\libm.a(libm_a-w_acos.o)
 .rodata.asin.str1.1
                0x0800bfc1        0x1 C:/ST/STM32CubeIDE_1.15.0/STM32CubeIDE/plugins/com.st.stm32cube.ide.mcu.externaltools.gnu-tools-for-stm32.12.3.rel1.win32_1.0.100.202403111256/tools/bin/../lib/gcc/arm-none-eabi/12.3.1/../../../../arm-none-eabi/lib/thumb/v7e-m+fp/hard\libm.a(libm_a-w_asin.o)
 *fill*         0x0800bfc1        0x7 
 .rodata.dp_l   0x0800bfc8       0x10 C:/ST/STM32CubeIDE_1.15.0/STM32CubeIDE/plugins/com.st.stm32cube.ide.mcu.externaltools.gnu-tools-for-stm32.12.3.rel1.win32_1.0.100.202403111256/tools/bin/../lib/gcc/arm-none-eabi/12.3.1/../../../../arm-none-eabi/lib/thumb/v7e-m+fp/hard\libm.a(libm_a-e_pow.o)
 .rodata.dp_h   0x0800bfd8       0x10 C:/ST/STM32CubeIDE_1.15.0/STM32CubeIDE/plugins/com.st.stm32cube.ide.mcu.externaltools.gnu-tools-for-stm32.12.3.rel1.win32_1.0.100.202403111256/tools/bin/../lib/gcc/arm-none-eabi/12.3.1/../../../../arm-none-eabi/lib/thumb/v7e-m+fp/hard\libm.a(libm_a-e_pow.o)
 .rodata.bp     0x0800bfe8       0x10 C:/ST/STM32CubeIDE_1.15.0/STM32CubeIDE/plugins/com.st.stm32cube.ide.mcu.externaltools.gnu-tools-for-stm32.12.3.rel1.win32_1.0.100.202403111256/tools/bin/../lib/gcc/arm-none-eabi/12.3.1/../../../../arm-none-eabi/lib/thumb/v7e-m+fp/hard\libm.a(libm_a-e_pow.o)
 .rodata.npio2_hw
                0x0800bff8       0x80 C:/ST/STM32CubeIDE_1.15.0/STM32CubeIDE/plugins/com.st.stm32cube.ide.mcu.externaltools.gnu-tools-for-stm32.12.3.rel1.win32_1.0.100.202403111256/tools/bin/../lib/gcc/arm-none-eabi/12.3.1/../../../../arm-none-eabi/lib/thumb/v7e-m+fp/hard\libm.a(libm_a-e_rem_pio2.o)
 .rodata.two_over_pi
                0x0800c078      0x108 C:/ST/STM32CubeIDE_1.15.0/STM32CubeIDE/plugins/com.st.stm32cube.ide.mcu.externaltools.gnu-tools-for-stm32.12.3.rel1.win32_1.0.100.202403111256/tools/bin/../lib/gcc/arm-none-eabi/12.3.1/../../../../arm-none-eabi/lib/thumb/v7e-m+fp/hard\libm.a(libm_a-e_rem_pio2.o)
 .rodata.PIo2   0x0800c180       0x40 C:/ST/STM32CubeIDE_1.15.0/STM32CubeIDE/plugins/com.st.stm32cube.ide.mcu.externaltools.gnu-tools-for-stm32.12.3.rel1.win32_1.0.100.202403111256/tools/bin/../lib/gcc/arm-none-eabi/12.3.1/../../../../arm-none-eabi/lib/thumb/v7e-m+fp/hard\libm.a(libm_a-k_rem_pio2.o)
 .rodata.init_jk
                0x0800c1c0       0x10 C:/ST/STM32CubeIDE_1.15.0/STM32CubeIDE/plugins/com.st.stm32cube.ide.mcu.externaltools.gnu-tools-for-stm32.12.3.rel1.win32_1.0.100.202403111256/tools/bin/../lib/gcc/arm-none-eabi/12.3.1/../../../../arm-none-eabi/lib/thumb/v7e-m+fp/hard\libm.a(libm_a-k_rem_pio2.o)
                0x0800c1d0                        . = ALIGN (0x4)

.ARM.extab      0x0800c1d0        0x0
                0x0800c1d0                        . = ALIGN (0x4)
 *(.ARM.extab* .gnu.linkonce.armextab.*)
                0x0800c1d0                        . = ALIGN (0x4)

.ARM            0x0800c1d0        0x8
                0x0800c1d0                        . = ALIGN (0x4)
                0x0800c1d0                        __exidx_start = .
 *(.ARM.exidx*)
 .ARM.exidx     0x0800c1d0        0x8 C:/ST/STM32CubeIDE_1.15.0/STM32CubeIDE/plugins/com.st.stm32cube.ide.mcu.externaltools.gnu-tools-for-stm32.12.3.rel1.win32_1.0.100.202403111256/tools/bin/../lib/gcc/arm-none-eabi/12.3.1/thumb/v7e-m+fp/hard\libgcc.a(_udivmoddi4.o)
                0x0800c1d8                        __exidx_end = .
                0x0800c1d8                        . = ALIGN (0x4)

.preinit_array  0x0800c1d8        0x0
                0x0800c1d8                        . = ALIGN (0x4)
                0x0800c1d8                        PROVIDE (__preinit_array_start = .)
 *(.preinit_array*)
                0x0800c1d8                        PROVIDE (__preinit_array_end = .)
                0x0800c1d8                        . = ALIGN (0x4)

.init_array     0x0800c1d8        0x4
                0x0800c1d8                        . = ALIGN (0x4)
                0x0800c1d8                        PROVIDE (__init_array_start = .)
 *(SORT_BY_NAME(.init_array.*))
 *(.init_array*)
 .init_array    0x0800c1d8        0x4 C:/ST/STM32CubeIDE_1.15.0/STM32CubeIDE/plugins/com.st.stm32cube.ide.mcu.externaltools.gnu-tools-for-stm32.12.3.rel1.win32_1.0.100.202403111256/tools/bin/../lib/gcc/arm-none-eabi/12.3.1/thumb/v7e-m+fp/hard/crtbegin.o
                0x0800c1dc                        PROVIDE (__init_array_end = .)
                0x0800c1dc                        . = ALIGN (0x4)

.fini_array     0x0800c1dc        0x4
                0x0800c1dc                        . = ALIGN (0x4)
                [!provide]                        PROVIDE (__fini_array_start = .)
 *(SORT_BY_NAME(.fini_array.*))
 *(.fini_array*)
 .fini_array    0x0800c1dc        0x4 C:/ST/STM32CubeIDE_1.15.0/STM32CubeIDE/plugins/com.st.stm32cube.ide.mcu.externaltools.gnu-tools-for-stm32.12.3.rel1.win32_1.0.100.202403111256/tools/bin/../lib/gcc/arm-none-eabi/12.3.1/thumb/v7e-m+fp/hard/crtbegin.o
                [!provide]                        PROVIDE (__fini_array_end = .)
                0x0800c1e0                        . = ALIGN (0x4)
                0x0800c1e0                        _sidata = LOADADDR (.data)

.rel.dyn        0x0800c1e0        0x0
 .rel.iplt      0x0800c1e0        0x0 C:/ST/STM32CubeIDE_1.15.0/STM32CubeIDE/plugins/com.st.stm32cube.ide.mcu.externaltools.gnu-tools-for-stm32.12.3.rel1.win32_1.0.100.202403111256/tools/bin/../lib/gcc/arm-none-eabi/12.3.1/thumb/v7e-m+fp/hard/crtbegin.o

.data           0x20000000       0x70 load address 0x0800c1e0
                0x20000000                        . = ALIGN (0x4)
                0x20000000                        _sdata = .
 *(.data)
 *(.data*)
 .data.SystemCoreClock
                0x20000000        0x4 ./Core/Src/system_stm32f4xx.o
                0x20000000                SystemCoreClock
 .data.uwTickPrio
                0x20000004        0x4 ./Drivers/STM32F4xx_HAL_Driver/Src/stm32f4xx_hal.o
                0x20000004                uwTickPrio
 .data.uwTickFreq
                0x20000008        0x1 ./Drivers/STM32F4xx_HAL_Driver/Src/stm32f4xx_hal.o
                0x20000008                uwTickFreq
 *fill*         0x20000009        0x3 
 .data._impure_ptr
                0x2000000c        0x4 C:/ST/STM32CubeIDE_1.15.0/STM32CubeIDE/plugins/com.st.stm32cube.ide.mcu.externaltools.gnu-tools-for-stm32.12.3.rel1.win32_1.0.100.202403111256/tools/bin/../lib/gcc/arm-none-eabi/12.3.1/../../../../arm-none-eabi/lib/thumb/v7e-m+fp/hard\libc_nano.a(libc_a-impure.o)
                0x2000000c                _impure_ptr
 .data._impure_data
                0x20000010       0x4c C:/ST/STM32CubeIDE_1.15.0/STM32CubeIDE/plugins/com.st.stm32cube.ide.mcu.externaltools.gnu-tools-for-stm32.12.3.rel1.win32_1.0.100.202403111256/tools/bin/../lib/gcc/arm-none-eabi/12.3.1/../../../../arm-none-eabi/lib/thumb/v7e-m+fp/hard\libc_nano.a(libc_a-impure.o)
                0x20000010                _impure_data
 *fill*         0x2000005c        0x4 
 .data.tiny     0x20000060        0x8 C:/ST/STM32CubeIDE_1.15.0/STM32CubeIDE/plugins/com.st.stm32cube.ide.mcu.externaltools.gnu-tools-for-stm32.12.3.rel1.win32_1.0.100.202403111256/tools/bin/../lib/gcc/arm-none-eabi/12.3.1/../../../../arm-none-eabi/lib/thumb/v7e-m+fp/hard\libm.a(libm_a-e_sqrt.o)
 .data.one      0x20000068        0x8 C:/ST/STM32CubeIDE_1.15.0/STM32CubeIDE/plugins/com.st.stm32cube.ide.mcu.externaltools.gnu-tools-for-stm32.12.3.rel1.win32_1.0.100.202403111256/tools/bin/../lib/gcc/arm-none-eabi/12.3.1/../../../../arm-none-eabi/lib/thumb/v7e-m+fp/hard\libm.a(libm_a-e_sqrt.o)
 *(.RamFunc)
 *(.RamFunc*)
                0x20000070                        . = ALIGN (0x4)
                0x20000070                        _edata = .

.igot.plt       0x20000070        0x0 load address 0x0800c250
 .igot.plt      0x20000070        0x0 C:/ST/STM32CubeIDE_1.15.0/STM32CubeIDE/plugins/com.st.stm32cube.ide.mcu.externaltools.gnu-tools-for-stm32.12.3.rel1.win32_1.0.100.202403111256/tools/bin/../lib/gcc/arm-none-eabi/12.3.1/thumb/v7e-m+fp/hard/crtbegin.o
                0x20000070                        . = ALIGN (0x4)

.bss            0x20000070      0x3a8 load address 0x0800c250
                0x20000070                        _sbss = .
                0x20000070                        __bss_start__ = _sbss
 *(.bss)
 .bss           0x20000070       0x1c C:/ST/STM32CubeIDE_1.15.0/STM32CubeIDE/plugins/com.st.stm32cube.ide.mcu.externaltools.gnu-tools-for-stm32.12.3.rel1.win32_1.0.100.202403111256/tools/bin/../lib/gcc/arm-none-eabi/12.3.1/thumb/v7e-m+fp/hard/crtbegin.o
 *(.bss*)
 .bss.hadc1     0x2000008c       0x48 ./Core/Src/main.o
                0x2000008c                hadc1
 .bss.hi2c1     0x200000d4       0x54 ./Core/Src/main.o
                0x200000d4                hi2c1
 .bss.htim1     0x20000128       0x48 ./Core/Src/main.o
                0x20000128                htim1
 .bss.htim2     0x20000170       0x48 ./Core/Src/main.o
                0x20000170                htim2
 .bss.htim4     0x200001b8       0x48 ./Core/Src/main.o
                0x200001b8                htim4
 .bss.htim5     0x20000200       0x48 ./Core/Src/main.o
                0x20000200                htim5
 .bss.huart2    0x20000248       0x48 ./Core/Src/main.o
                0x20000248                huart2
 .bss.htim_cb   0x20000290       0x48 ./Core/Src/main.o
                0x20000290                htim_cb
 .bss.rad_edge_flag
                0x200002d8        0x1 ./Core/Src/main.o
                0x200002d8                rad_edge_flag
 *fill*         0x200002d9        0x3 
 .bss.uwTick    0x200002dc        0x4 ./Drivers/STM32F4xx_HAL_Driver/Src/stm32f4xx_hal.o
                0x200002dc                uwTick
 .bss.__sf      0x200002e0      0x138 C:/ST/STM32CubeIDE_1.15.0/STM32CubeIDE/plugins/com.st.stm32cube.ide.mcu.externaltools.gnu-tools-for-stm32.12.3.rel1.win32_1.0.100.202403111256/tools/bin/../lib/gcc/arm-none-eabi/12.3.1/../../../../arm-none-eabi/lib/thumb/v7e-m+fp/hard\libc_nano.a(libc_a-findfp.o)
                0x200002e0                __sf
 *(COMMON)
                0x20000418                        . = ALIGN (0x4)
                0x20000418                        _ebss = .
                0x20000418                        __bss_end__ = _ebss

._user_heap_stack
                0x20000418      0x600 load address 0x0800c250
                0x20000418                        . = ALIGN (0x8)
                [!provide]                        PROVIDE (end = .)
                0x20000418                        PROVIDE (_end = .)
                0x20000618                        . = (. + _Min_Heap_Size)
 *fill*         0x20000418      0x200 
                0x20000a18                        . = (. + _Min_Stack_Size)
 *fill*         0x20000618      0x400 
                0x20000a18                        . = ALIGN (0x8)

/DISCARD/
 libc.a(*)
 libm.a(*)
 libgcc.a(*)

.ARM.attributes
                0x00000000       0x30
 *(.ARM.attributes)
 .ARM.attributes
                0x00000000       0x22 C:/ST/STM32CubeIDE_1.15.0/STM32CubeIDE/plugins/com.st.stm32cube.ide.mcu.externaltools.gnu-tools-for-stm32.12.3.rel1.win32_1.0.100.202403111256/tools/bin/../lib/gcc/arm-none-eabi/12.3.1/thumb/v7e-m+fp/hard/crti.o
 .ARM.attributes
                0x00000022       0x34 C:/ST/STM32CubeIDE_1.15.0/STM32CubeIDE/plugins/com.st.stm32cube.ide.mcu.externaltools.gnu-tools-for-stm32.12.3.rel1.win32_1.0.100.202403111256/tools/bin/../lib/gcc/arm-none-eabi/12.3.1/thumb/v7e-m+fp/hard/crtbegin.o
 .ARM.attributes
                0x00000056       0x34 ./Core/Src/bno055.o
 .ARM.attributes
                0x0000008a       0x34 ./Core/Src/controller.o
 .ARM.attributes
                0x000000be       0x34 ./Core/Src/encoder_driver.o
 .ARM.attributes
                0x000000f2       0x34 ./Core/Src/main.o
 .ARM.attributes
                0x00000126       0x34 ./Core/Src/motor_driver.o
 .ARM.attributes
                0x0000015a       0x34 ./Core/Src/photoresistor_driver.o
 .ARM.attributes
                0x0000018e       0x34 ./Core/Src/radio_reciever_driver.o
 .ARM.attributes
                0x000001c2       0x34 ./Core/Src/servo_driver.o
 .ARM.attributes
                0x000001f6       0x34 ./Core/Src/stm32f4xx_hal_msp.o
 .ARM.attributes
                0x0000022a       0x34 ./Core/Src/stm32f4xx_it.o
 .ARM.attributes
                0x0000025e       0x34 ./Core/Src/system_stm32f4xx.o
 .ARM.attributes
                0x00000292       0x34 ./Core/Src/task1.o
 .ARM.attributes
                0x000002c6       0x34 ./Core/Src/task2.o
 .ARM.attributes
                0x000002fa       0x34 ./Core/Src/vector.o
 .ARM.attributes
                0x0000032e       0x21 ./Core/Startup/startup_stm32f411retx.o
 .ARM.attributes
                0x0000034f       0x34 ./Drivers/STM32F4xx_HAL_Driver/Src/stm32f4xx_hal.o
 .ARM.attributes
                0x00000383       0x34 ./Drivers/STM32F4xx_HAL_Driver/Src/stm32f4xx_hal_adc.o
 .ARM.attributes
                0x000003b7       0x34 ./Drivers/STM32F4xx_HAL_Driver/Src/stm32f4xx_hal_cortex.o
 .ARM.attributes
                0x000003eb       0x34 ./Drivers/STM32F4xx_HAL_Driver/Src/stm32f4xx_hal_gpio.o
 .ARM.attributes
                0x0000041f       0x34 ./Drivers/STM32F4xx_HAL_Driver/Src/stm32f4xx_hal_i2c.o
 .ARM.attributes
                0x00000453       0x34 ./Drivers/STM32F4xx_HAL_Driver/Src/stm32f4xx_hal_rcc.o
 .ARM.attributes
                0x00000487       0x34 ./Drivers/STM32F4xx_HAL_Driver/Src/stm32f4xx_hal_tim.o
 .ARM.attributes
                0x000004bb       0x34 ./Drivers/STM32F4xx_HAL_Driver/Src/stm32f4xx_hal_tim_ex.o
 .ARM.attributes
                0x000004ef       0x34 ./Drivers/STM32F4xx_HAL_Driver/Src/stm32f4xx_hal_uart.o
 .ARM.attributes
                0x00000523       0x34 C:/ST/STM32CubeIDE_1.15.0/STM32CubeIDE/plugins/com.st.stm32cube.ide.mcu.externaltools.gnu-tools-for-stm32.12.3.rel1.win32_1.0.100.202403111256/tools/bin/../lib/gcc/arm-none-eabi/12.3.1/../../../../arm-none-eabi/lib/thumb/v7e-m+fp/hard\libc_nano.a(libc_a-abs.o)
 .ARM.attributes
                0x00000557       0x34 C:/ST/STM32CubeIDE_1.15.0/STM32CubeIDE/plugins/com.st.stm32cube.ide.mcu.externaltools.gnu-tools-for-stm32.12.3.rel1.win32_1.0.100.202403111256/tools/bin/../lib/gcc/arm-none-eabi/12.3.1/../../../../arm-none-eabi/lib/thumb/v7e-m+fp/hard\libc_nano.a(libc_a-findfp.o)
 .ARM.attributes
                0x0000058b       0x34 C:/ST/STM32CubeIDE_1.15.0/STM32CubeIDE/plugins/com.st.stm32cube.ide.mcu.externaltools.gnu-tools-for-stm32.12.3.rel1.win32_1.0.100.202403111256/tools/bin/../lib/gcc/arm-none-eabi/12.3.1/../../../../arm-none-eabi/lib/thumb/v7e-m+fp/hard\libc_nano.a(libc_a-memset.o)
 .ARM.attributes
                0x000005bf       0x34 C:/ST/STM32CubeIDE_1.15.0/STM32CubeIDE/plugins/com.st.stm32cube.ide.mcu.externaltools.gnu-tools-for-stm32.12.3.rel1.win32_1.0.100.202403111256/tools/bin/../lib/gcc/arm-none-eabi/12.3.1/../../../../arm-none-eabi/lib/thumb/v7e-m+fp/hard\libc_nano.a(libc_a-impure.o)
 .ARM.attributes
                0x000005f3       0x34 C:/ST/STM32CubeIDE_1.15.0/STM32CubeIDE/plugins/com.st.stm32cube.ide.mcu.externaltools.gnu-tools-for-stm32.12.3.rel1.win32_1.0.100.202403111256/tools/bin/../lib/gcc/arm-none-eabi/12.3.1/../../../../arm-none-eabi/lib/thumb/v7e-m+fp/hard\libc_nano.a(libc_a-errno.o)
 .ARM.attributes
                0x00000627       0x34 C:/ST/STM32CubeIDE_1.15.0/STM32CubeIDE/plugins/com.st.stm32cube.ide.mcu.externaltools.gnu-tools-for-stm32.12.3.rel1.win32_1.0.100.202403111256/tools/bin/../lib/gcc/arm-none-eabi/12.3.1/../../../../arm-none-eabi/lib/thumb/v7e-m+fp/hard\libc_nano.a(libc_a-init.o)
 .ARM.attributes
                0x0000065b       0x34 C:/ST/STM32CubeIDE_1.15.0/STM32CubeIDE/plugins/com.st.stm32cube.ide.mcu.externaltools.gnu-tools-for-stm32.12.3.rel1.win32_1.0.100.202403111256/tools/bin/../lib/gcc/arm-none-eabi/12.3.1/../../../../arm-none-eabi/lib/thumb/v7e-m+fp/hard\libc_nano.a(libc_a-memcpy-stub.o)
 .ARM.attributes
                0x0000068f       0x34 C:/ST/STM32CubeIDE_1.15.0/STM32CubeIDE/plugins/com.st.stm32cube.ide.mcu.externaltools.gnu-tools-for-stm32.12.3.rel1.win32_1.0.100.202403111256/tools/bin/../lib/gcc/arm-none-eabi/12.3.1/../../../../arm-none-eabi/lib/thumb/v7e-m+fp/hard\libm.a(libm_a-w_acos.o)
 .ARM.attributes
                0x000006c3       0x34 C:/ST/STM32CubeIDE_1.15.0/STM32CubeIDE/plugins/com.st.stm32cube.ide.mcu.externaltools.gnu-tools-for-stm32.12.3.rel1.win32_1.0.100.202403111256/tools/bin/../lib/gcc/arm-none-eabi/12.3.1/../../../../arm-none-eabi/lib/thumb/v7e-m+fp/hard\libm.a(libm_a-w_asin.o)
 .ARM.attributes
                0x000006f7       0x34 C:/ST/STM32CubeIDE_1.15.0/STM32CubeIDE/plugins/com.st.stm32cube.ide.mcu.externaltools.gnu-tools-for-stm32.12.3.rel1.win32_1.0.100.202403111256/tools/bin/../lib/gcc/arm-none-eabi/12.3.1/../../../../arm-none-eabi/lib/thumb/v7e-m+fp/hard\libm.a(libm_a-w_pow.o)
 .ARM.attributes
                0x0000072b       0x34 C:/ST/STM32CubeIDE_1.15.0/STM32CubeIDE/plugins/com.st.stm32cube.ide.mcu.externaltools.gnu-tools-for-stm32.12.3.rel1.win32_1.0.100.202403111256/tools/bin/../lib/gcc/arm-none-eabi/12.3.1/../../../../arm-none-eabi/lib/thumb/v7e-m+fp/hard\libm.a(libm_a-w_sqrt.o)
 .ARM.attributes
                0x0000075f       0x34 C:/ST/STM32CubeIDE_1.15.0/STM32CubeIDE/plugins/com.st.stm32cube.ide.mcu.externaltools.gnu-tools-for-stm32.12.3.rel1.win32_1.0.100.202403111256/tools/bin/../lib/gcc/arm-none-eabi/12.3.1/../../../../arm-none-eabi/lib/thumb/v7e-m+fp/hard\libm.a(libm_a-s_cos.o)
 .ARM.attributes
                0x00000793       0x34 C:/ST/STM32CubeIDE_1.15.0/STM32CubeIDE/plugins/com.st.stm32cube.ide.mcu.externaltools.gnu-tools-for-stm32.12.3.rel1.win32_1.0.100.202403111256/tools/bin/../lib/gcc/arm-none-eabi/12.3.1/../../../../arm-none-eabi/lib/thumb/v7e-m+fp/hard\libm.a(libm_a-s_fabs.o)
 .ARM.attributes
                0x000007c7       0x34 C:/ST/STM32CubeIDE_1.15.0/STM32CubeIDE/plugins/com.st.stm32cube.ide.mcu.externaltools.gnu-tools-for-stm32.12.3.rel1.win32_1.0.100.202403111256/tools/bin/../lib/gcc/arm-none-eabi/12.3.1/../../../../arm-none-eabi/lib/thumb/v7e-m+fp/hard\libm.a(libm_a-s_sin.o)
 .ARM.attributes
                0x000007fb       0x34 C:/ST/STM32CubeIDE_1.15.0/STM32CubeIDE/plugins/com.st.stm32cube.ide.mcu.externaltools.gnu-tools-for-stm32.12.3.rel1.win32_1.0.100.202403111256/tools/bin/../lib/gcc/arm-none-eabi/12.3.1/../../../../arm-none-eabi/lib/thumb/v7e-m+fp/hard\libm.a(libm_a-s_finite.o)
 .ARM.attributes
                0x0000082f       0x34 C:/ST/STM32CubeIDE_1.15.0/STM32CubeIDE/plugins/com.st.stm32cube.ide.mcu.externaltools.gnu-tools-for-stm32.12.3.rel1.win32_1.0.100.202403111256/tools/bin/../lib/gcc/arm-none-eabi/12.3.1/../../../../arm-none-eabi/lib/thumb/v7e-m+fp/hard\libm.a(libm_a-s_nan.o)
 .ARM.attributes
                0x00000863       0x34 C:/ST/STM32CubeIDE_1.15.0/STM32CubeIDE/plugins/com.st.stm32cube.ide.mcu.externaltools.gnu-tools-for-stm32.12.3.rel1.win32_1.0.100.202403111256/tools/bin/../lib/gcc/arm-none-eabi/12.3.1/../../../../arm-none-eabi/lib/thumb/v7e-m+fp/hard\libm.a(libm_a-e_sqrt.o)
 .ARM.attributes
                0x00000897       0x34 C:/ST/STM32CubeIDE_1.15.0/STM32CubeIDE/plugins/com.st.stm32cube.ide.mcu.externaltools.gnu-tools-for-stm32.12.3.rel1.win32_1.0.100.202403111256/tools/bin/../lib/gcc/arm-none-eabi/12.3.1/../../../../arm-none-eabi/lib/thumb/v7e-m+fp/hard\libm.a(libm_a-k_cos.o)
 .ARM.attributes
                0x000008cb       0x34 C:/ST/STM32CubeIDE_1.15.0/STM32CubeIDE/plugins/com.st.stm32cube.ide.mcu.externaltools.gnu-tools-for-stm32.12.3.rel1.win32_1.0.100.202403111256/tools/bin/../lib/gcc/arm-none-eabi/12.3.1/../../../../arm-none-eabi/lib/thumb/v7e-m+fp/hard\libm.a(libm_a-k_sin.o)
 .ARM.attributes
                0x000008ff       0x34 C:/ST/STM32CubeIDE_1.15.0/STM32CubeIDE/plugins/com.st.stm32cube.ide.mcu.externaltools.gnu-tools-for-stm32.12.3.rel1.win32_1.0.100.202403111256/tools/bin/../lib/gcc/arm-none-eabi/12.3.1/../../../../arm-none-eabi/lib/thumb/v7e-m+fp/hard\libm.a(libm_a-e_acos.o)
 .ARM.attributes
                0x00000933       0x34 C:/ST/STM32CubeIDE_1.15.0/STM32CubeIDE/plugins/com.st.stm32cube.ide.mcu.externaltools.gnu-tools-for-stm32.12.3.rel1.win32_1.0.100.202403111256/tools/bin/../lib/gcc/arm-none-eabi/12.3.1/../../../../arm-none-eabi/lib/thumb/v7e-m+fp/hard\libm.a(libm_a-e_asin.o)
 .ARM.attributes
                0x00000967       0x34 C:/ST/STM32CubeIDE_1.15.0/STM32CubeIDE/plugins/com.st.stm32cube.ide.mcu.externaltools.gnu-tools-for-stm32.12.3.rel1.win32_1.0.100.202403111256/tools/bin/../lib/gcc/arm-none-eabi/12.3.1/../../../../arm-none-eabi/lib/thumb/v7e-m+fp/hard\libm.a(libm_a-e_pow.o)
 .ARM.attributes
                0x0000099b       0x34 C:/ST/STM32CubeIDE_1.15.0/STM32CubeIDE/plugins/com.st.stm32cube.ide.mcu.externaltools.gnu-tools-for-stm32.12.3.rel1.win32_1.0.100.202403111256/tools/bin/../lib/gcc/arm-none-eabi/12.3.1/../../../../arm-none-eabi/lib/thumb/v7e-m+fp/hard\libm.a(libm_a-e_rem_pio2.o)
 .ARM.attributes
                0x000009cf       0x34 C:/ST/STM32CubeIDE_1.15.0/STM32CubeIDE/plugins/com.st.stm32cube.ide.mcu.externaltools.gnu-tools-for-stm32.12.3.rel1.win32_1.0.100.202403111256/tools/bin/../lib/gcc/arm-none-eabi/12.3.1/../../../../arm-none-eabi/lib/thumb/v7e-m+fp/hard\libm.a(libm_a-s_scalbn.o)
 .ARM.attributes
                0x00000a03       0x34 C:/ST/STM32CubeIDE_1.15.0/STM32CubeIDE/plugins/com.st.stm32cube.ide.mcu.externaltools.gnu-tools-for-stm32.12.3.rel1.win32_1.0.100.202403111256/tools/bin/../lib/gcc/arm-none-eabi/12.3.1/../../../../arm-none-eabi/lib/thumb/v7e-m+fp/hard\libm.a(libm_a-math_err.o)
 .ARM.attributes
                0x00000a37       0x34 C:/ST/STM32CubeIDE_1.15.0/STM32CubeIDE/plugins/com.st.stm32cube.ide.mcu.externaltools.gnu-tools-for-stm32.12.3.rel1.win32_1.0.100.202403111256/tools/bin/../lib/gcc/arm-none-eabi/12.3.1/../../../../arm-none-eabi/lib/thumb/v7e-m+fp/hard\libm.a(libm_a-k_rem_pio2.o)
 .ARM.attributes
                0x00000a6b       0x34 C:/ST/STM32CubeIDE_1.15.0/STM32CubeIDE/plugins/com.st.stm32cube.ide.mcu.externaltools.gnu-tools-for-stm32.12.3.rel1.win32_1.0.100.202403111256/tools/bin/../lib/gcc/arm-none-eabi/12.3.1/../../../../arm-none-eabi/lib/thumb/v7e-m+fp/hard\libm.a(libm_a-s_floor.o)
 .ARM.attributes
                0x00000a9f       0x22 C:/ST/STM32CubeIDE_1.15.0/STM32CubeIDE/plugins/com.st.stm32cube.ide.mcu.externaltools.gnu-tools-for-stm32.12.3.rel1.win32_1.0.100.202403111256/tools/bin/../lib/gcc/arm-none-eabi/12.3.1/thumb/v7e-m+fp/hard\libgcc.a(_arm_addsubdf3.o)
 .ARM.attributes
                0x00000ac1       0x22 C:/ST/STM32CubeIDE_1.15.0/STM32CubeIDE/plugins/com.st.stm32cube.ide.mcu.externaltools.gnu-tools-for-stm32.12.3.rel1.win32_1.0.100.202403111256/tools/bin/../lib/gcc/arm-none-eabi/12.3.1/thumb/v7e-m+fp/hard\libgcc.a(_arm_muldivdf3.o)
 .ARM.attributes
                0x00000ae3       0x22 C:/ST/STM32CubeIDE_1.15.0/STM32CubeIDE/plugins/com.st.stm32cube.ide.mcu.externaltools.gnu-tools-for-stm32.12.3.rel1.win32_1.0.100.202403111256/tools/bin/../lib/gcc/arm-none-eabi/12.3.1/thumb/v7e-m+fp/hard\libgcc.a(_arm_cmpdf2.o)
 .ARM.attributes
                0x00000b05       0x22 C:/ST/STM32CubeIDE_1.15.0/STM32CubeIDE/plugins/com.st.stm32cube.ide.mcu.externaltools.gnu-tools-for-stm32.12.3.rel1.win32_1.0.100.202403111256/tools/bin/../lib/gcc/arm-none-eabi/12.3.1/thumb/v7e-m+fp/hard\libgcc.a(_arm_unorddf2.o)
 .ARM.attributes
                0x00000b27       0x22 C:/ST/STM32CubeIDE_1.15.0/STM32CubeIDE/plugins/com.st.stm32cube.ide.mcu.externaltools.gnu-tools-for-stm32.12.3.rel1.win32_1.0.100.202403111256/tools/bin/../lib/gcc/arm-none-eabi/12.3.1/thumb/v7e-m+fp/hard\libgcc.a(_arm_fixdfsi.o)
 .ARM.attributes
                0x00000b49       0x22 C:/ST/STM32CubeIDE_1.15.0/STM32CubeIDE/plugins/com.st.stm32cube.ide.mcu.externaltools.gnu-tools-for-stm32.12.3.rel1.win32_1.0.100.202403111256/tools/bin/../lib/gcc/arm-none-eabi/12.3.1/thumb/v7e-m+fp/hard\libgcc.a(_arm_truncdfsf2.o)
 .ARM.attributes
                0x00000b6b       0x22 C:/ST/STM32CubeIDE_1.15.0/STM32CubeIDE/plugins/com.st.stm32cube.ide.mcu.externaltools.gnu-tools-for-stm32.12.3.rel1.win32_1.0.100.202403111256/tools/bin/../lib/gcc/arm-none-eabi/12.3.1/thumb/v7e-m+fp/hard\libgcc.a(_aeabi_uldivmod.o)
 .ARM.attributes
                0x00000b8d       0x34 C:/ST/STM32CubeIDE_1.15.0/STM32CubeIDE/plugins/com.st.stm32cube.ide.mcu.externaltools.gnu-tools-for-stm32.12.3.rel1.win32_1.0.100.202403111256/tools/bin/../lib/gcc/arm-none-eabi/12.3.1/thumb/v7e-m+fp/hard\libgcc.a(_udivmoddi4.o)
 .ARM.attributes
                0x00000bc1       0x22 C:/ST/STM32CubeIDE_1.15.0/STM32CubeIDE/plugins/com.st.stm32cube.ide.mcu.externaltools.gnu-tools-for-stm32.12.3.rel1.win32_1.0.100.202403111256/tools/bin/../lib/gcc/arm-none-eabi/12.3.1/thumb/v7e-m+fp/hard\libgcc.a(_dvmd_tls.o)
 .ARM.attributes
                0x00000be3       0x22 C:/ST/STM32CubeIDE_1.15.0/STM32CubeIDE/plugins/com.st.stm32cube.ide.mcu.externaltools.gnu-tools-for-stm32.12.3.rel1.win32_1.0.100.202403111256/tools/bin/../lib/gcc/arm-none-eabi/12.3.1/thumb/v7e-m+fp/hard/crtn.o
OUTPUT(term_project.elf elf32-littlearm)
LOAD linker stubs
LOAD C:/ST/STM32CubeIDE_1.15.0/STM32CubeIDE/plugins/com.st.stm32cube.ide.mcu.externaltools.gnu-tools-for-stm32.12.3.rel1.win32_1.0.100.202403111256/tools/bin/../lib/gcc/arm-none-eabi/12.3.1/../../../../arm-none-eabi/lib/thumb/v7e-m+fp/hard\libc.a
LOAD C:/ST/STM32CubeIDE_1.15.0/STM32CubeIDE/plugins/com.st.stm32cube.ide.mcu.externaltools.gnu-tools-for-stm32.12.3.rel1.win32_1.0.100.202403111256/tools/bin/../lib/gcc/arm-none-eabi/12.3.1/../../../../arm-none-eabi/lib/thumb/v7e-m+fp/hard\libm.a
LOAD C:/ST/STM32CubeIDE_1.15.0/STM32CubeIDE/plugins/com.st.stm32cube.ide.mcu.externaltools.gnu-tools-for-stm32.12.3.rel1.win32_1.0.100.202403111256/tools/bin/../lib/gcc/arm-none-eabi/12.3.1/thumb/v7e-m+fp/hard\libgcc.a

.debug_info     0x00000000    0x198a4
 .debug_info    0x00000000     0x1fdf ./Core/Src/bno055.o
 .debug_info    0x00001fdf      0x28d ./Core/Src/controller.o
 .debug_info    0x0000226c      0x7e9 ./Core/Src/encoder_driver.o
 .debug_info    0x00002a55     0x2b27 ./Core/Src/main.o
 .debug_info    0x0000557c      0x7f1 ./Core/Src/motor_driver.o
 .debug_info    0x00005d6d      0x898 ./Core/Src/photoresistor_driver.o
 .debug_info    0x00006605      0x803 ./Core/Src/radio_reciever_driver.o
 .debug_info    0x00006e08      0x801 ./Core/Src/servo_driver.o
 .debug_info    0x00007609     0x1641 ./Core/Src/stm32f4xx_hal_msp.o
 .debug_info    0x00008c4a      0x6f2 ./Core/Src/stm32f4xx_it.o
 .debug_info    0x0000933c      0x53e ./Core/Src/system_stm32f4xx.o
 .debug_info    0x0000987a     0x19b6 ./Core/Src/task1.o
 .debug_info    0x0000b230     0x20e9 ./Core/Src/task2.o
 .debug_info    0x0000d319      0x12e ./Core/Src/vector.o
 .debug_info    0x0000d447       0x30 ./Core/Startup/startup_stm32f411retx.o
 .debug_info    0x0000d477      0x8c4 ./Drivers/STM32F4xx_HAL_Driver/Src/stm32f4xx_hal.o
 .debug_info    0x0000dd3b      0xcd1 ./Drivers/STM32F4xx_HAL_Driver/Src/stm32f4xx_hal_adc.o
 .debug_info    0x0000ea0c      0xcc7 ./Drivers/STM32F4xx_HAL_Driver/Src/stm32f4xx_hal_cortex.o
 .debug_info    0x0000f6d3      0x6f9 ./Drivers/STM32F4xx_HAL_Driver/Src/stm32f4xx_hal_gpio.o
 .debug_info    0x0000fdcc     0x2426 ./Drivers/STM32F4xx_HAL_Driver/Src/stm32f4xx_hal_i2c.o
 .debug_info    0x000121f2      0x8f2 ./Drivers/STM32F4xx_HAL_Driver/Src/stm32f4xx_hal_rcc.o
 .debug_info    0x00012ae4     0x2996 ./Drivers/STM32F4xx_HAL_Driver/Src/stm32f4xx_hal_tim.o
 .debug_info    0x0001547a     0x14d4 ./Drivers/STM32F4xx_HAL_Driver/Src/stm32f4xx_hal_tim_ex.o
 .debug_info    0x0001694e     0x2f56 ./Drivers/STM32F4xx_HAL_Driver/Src/stm32f4xx_hal_uart.o

.debug_abbrev   0x00000000     0x32ba
 .debug_abbrev  0x00000000      0x2a4 ./Core/Src/bno055.o
 .debug_abbrev  0x000002a4      0x11e ./Core/Src/controller.o
 .debug_abbrev  0x000003c2      0x1db ./Core/Src/encoder_driver.o
 .debug_abbrev  0x0000059d      0x369 ./Core/Src/main.o
 .debug_abbrev  0x00000906      0x1d2 ./Core/Src/motor_driver.o
 .debug_abbrev  0x00000ad8      0x1a1 ./Core/Src/photoresistor_driver.o
 .debug_abbrev  0x00000c79      0x1c7 ./Core/Src/radio_reciever_driver.o
 .debug_abbrev  0x00000e40      0x203 ./Core/Src/servo_driver.o
 .debug_abbrev  0x00001043      0x21f ./Core/Src/stm32f4xx_hal_msp.o
 .debug_abbrev  0x00001262      0x1a7 ./Core/Src/stm32f4xx_it.o
 .debug_abbrev  0x00001409      0x11a ./Core/Src/system_stm32f4xx.o
 .debug_abbrev  0x00001523      0x26b ./Core/Src/task1.o
 .debug_abbrev  0x0000178e      0x32d ./Core/Src/task2.o
 .debug_abbrev  0x00001abb       0xda ./Core/Src/vector.o
 .debug_abbrev  0x00001b95       0x24 ./Core/Startup/startup_stm32f411retx.o
 .debug_abbrev  0x00001bb9      0x24b ./Drivers/STM32F4xx_HAL_Driver/Src/stm32f4xx_hal.o
 .debug_abbrev  0x00001e04      0x20e ./Drivers/STM32F4xx_HAL_Driver/Src/stm32f4xx_hal_adc.o
 .debug_abbrev  0x00002012      0x328 ./Drivers/STM32F4xx_HAL_Driver/Src/stm32f4xx_hal_cortex.o
 .debug_abbrev  0x0000233a      0x1d3 ./Drivers/STM32F4xx_HAL_Driver/Src/stm32f4xx_hal_gpio.o
 .debug_abbrev  0x0000250d      0x2bc ./Drivers/STM32F4xx_HAL_Driver/Src/stm32f4xx_hal_i2c.o
 .debug_abbrev  0x000027c9      0x2b5 ./Drivers/STM32F4xx_HAL_Driver/Src/stm32f4xx_hal_rcc.o
 .debug_abbrev  0x00002a7e      0x28b ./Drivers/STM32F4xx_HAL_Driver/Src/stm32f4xx_hal_tim.o
 .debug_abbrev  0x00002d09      0x296 ./Drivers/STM32F4xx_HAL_Driver/Src/stm32f4xx_hal_tim_ex.o
 .debug_abbrev  0x00002f9f      0x31b ./Drivers/STM32F4xx_HAL_Driver/Src/stm32f4xx_hal_uart.o

.debug_aranges  0x00000000     0x1330
 .debug_aranges
                0x00000000      0x170 ./Core/Src/bno055.o
 .debug_aranges
                0x00000170       0x38 ./Core/Src/controller.o
 .debug_aranges
                0x000001a8       0x40 ./Core/Src/encoder_driver.o
 .debug_aranges
                0x000001e8       0x80 ./Core/Src/main.o
 .debug_aranges
                0x00000268       0x38 ./Core/Src/motor_driver.o
 .debug_aranges
                0x000002a0       0x48 ./Core/Src/photoresistor_driver.o
 .debug_aranges
                0x000002e8       0x38 ./Core/Src/radio_reciever_driver.o
 .debug_aranges
                0x00000320       0x40 ./Core/Src/servo_driver.o
 .debug_aranges
                0x00000360       0x78 ./Core/Src/stm32f4xx_hal_msp.o
 .debug_aranges
                0x000003d8       0x70 ./Core/Src/stm32f4xx_it.o
 .debug_aranges
                0x00000448       0x28 ./Core/Src/system_stm32f4xx.o
 .debug_aranges
                0x00000470       0x40 ./Core/Src/task1.o
 .debug_aranges
                0x000004b0       0x78 ./Core/Src/task2.o
 .debug_aranges
                0x00000528       0x20 ./Core/Src/vector.o
 .debug_aranges
                0x00000548       0x28 ./Core/Startup/startup_stm32f411retx.o
 .debug_aranges
                0x00000570       0xf0 ./Drivers/STM32F4xx_HAL_Driver/Src/stm32f4xx_hal.o
 .debug_aranges
                0x00000660       0xe8 ./Drivers/STM32F4xx_HAL_Driver/Src/stm32f4xx_hal_adc.o
 .debug_aranges
                0x00000748      0x120 ./Drivers/STM32F4xx_HAL_Driver/Src/stm32f4xx_hal_cortex.o
 .debug_aranges
                0x00000868       0x58 ./Drivers/STM32F4xx_HAL_Driver/Src/stm32f4xx_hal_gpio.o
 .debug_aranges
                0x000008c0      0x2a8 ./Drivers/STM32F4xx_HAL_Driver/Src/stm32f4xx_hal_i2c.o
 .debug_aranges
                0x00000b68       0x88 ./Drivers/STM32F4xx_HAL_Driver/Src/stm32f4xx_hal_rcc.o
 .debug_aranges
                0x00000bf0      0x3d0 ./Drivers/STM32F4xx_HAL_Driver/Src/stm32f4xx_hal_tim.o
 .debug_aranges
                0x00000fc0      0x168 ./Drivers/STM32F4xx_HAL_Driver/Src/stm32f4xx_hal_tim_ex.o
 .debug_aranges
                0x00001128      0x208 ./Drivers/STM32F4xx_HAL_Driver/Src/stm32f4xx_hal_uart.o

.debug_rnglists
                0x00000000      0xfdb
 .debug_rnglists
                0x00000000      0x12b ./Core/Src/bno055.o
 .debug_rnglists
                0x0000012b       0x26 ./Core/Src/controller.o
 .debug_rnglists
                0x00000151       0x2c ./Core/Src/encoder_driver.o
 .debug_rnglists
                0x0000017d       0x64 ./Core/Src/main.o
 .debug_rnglists
                0x000001e1       0x26 ./Core/Src/motor_driver.o
 .debug_rnglists
                0x00000207       0x32 ./Core/Src/photoresistor_driver.o
 .debug_rnglists
                0x00000239       0x26 ./Core/Src/radio_reciever_driver.o
 .debug_rnglists
                0x0000025f       0x2d ./Core/Src/servo_driver.o
 .debug_rnglists
                0x0000028c       0x5b ./Core/Src/stm32f4xx_hal_msp.o
 .debug_rnglists
                0x000002e7       0x4f ./Core/Src/stm32f4xx_it.o
 .debug_rnglists
                0x00000336       0x1a ./Core/Src/system_stm32f4xx.o
 .debug_rnglists
                0x00000350       0x2b ./Core/Src/task1.o
 .debug_rnglists
                0x0000037b      0x11f ./Core/Src/task2.o
 .debug_rnglists
                0x0000049a       0x14 ./Core/Src/vector.o
 .debug_rnglists
                0x000004ae       0x19 ./Core/Startup/startup_stm32f411retx.o
 .debug_rnglists
                0x000004c7       0xaf ./Drivers/STM32F4xx_HAL_Driver/Src/stm32f4xx_hal.o
 .debug_rnglists
                0x00000576       0xb5 ./Drivers/STM32F4xx_HAL_Driver/Src/stm32f4xx_hal_adc.o
 .debug_rnglists
                0x0000062b       0xd4 ./Drivers/STM32F4xx_HAL_Driver/Src/stm32f4xx_hal_cortex.o
 .debug_rnglists
                0x000006ff       0x3f ./Drivers/STM32F4xx_HAL_Driver/Src/stm32f4xx_hal_gpio.o
 .debug_rnglists
                0x0000073e      0x23c ./Drivers/STM32F4xx_HAL_Driver/Src/stm32f4xx_hal_i2c.o
 .debug_rnglists
                0x0000097a       0x66 ./Drivers/STM32F4xx_HAL_Driver/Src/stm32f4xx_hal_rcc.o
 .debug_rnglists
                0x000009e0      0x31a ./Drivers/STM32F4xx_HAL_Driver/Src/stm32f4xx_hal_tim.o
 .debug_rnglists
                0x00000cfa      0x125 ./Drivers/STM32F4xx_HAL_Driver/Src/stm32f4xx_hal_tim_ex.o
 .debug_rnglists
                0x00000e1f      0x1bc ./Drivers/STM32F4xx_HAL_Driver/Src/stm32f4xx_hal_uart.o

.debug_macro    0x00000000    0x19e5c
 .debug_macro   0x00000000      0x307 ./Core/Src/bno055.o
 .debug_macro   0x00000307      0xab4 ./Core/Src/bno055.o
 .debug_macro   0x00000dbb       0x22 ./Core/Src/bno055.o
 .debug_macro   0x00000ddd       0x8e ./Core/Src/bno055.o
 .debug_macro   0x00000e6b       0x51 ./Core/Src/bno055.o
 .debug_macro   0x00000ebc      0x103 ./Core/Src/bno055.o
 .debug_macro   0x00000fbf       0x6a ./Core/Src/bno055.o
 .debug_macro   0x00001029      0x1df ./Core/Src/bno055.o
 .debug_macro   0x00001208       0x61 ./Core/Src/bno055.o
 .debug_macro   0x00001269       0x2a ./Core/Src/bno055.o
 .debug_macro   0x00001293       0x43 ./Core/Src/bno055.o
 .debug_macro   0x000012d6       0x34 ./Core/Src/bno055.o
 .debug_macro   0x0000130a       0x16 ./Core/Src/bno055.o
 .debug_macro   0x00001320       0x9e ./Core/Src/bno055.o
 .debug_macro   0x000013be      0x369 ./Core/Src/bno055.o
 .debug_macro   0x00001727      0x10b ./Core/Src/bno055.o
 .debug_macro   0x00001832       0x10 ./Core/Src/bno055.o
 .debug_macro   0x00001842       0x16 ./Core/Src/bno055.o
 .debug_macro   0x00001858       0x43 ./Core/Src/bno055.o
 .debug_macro   0x0000189b       0x34 ./Core/Src/bno055.o
 .debug_macro   0x000018cf       0x10 ./Core/Src/bno055.o
 .debug_macro   0x000018df       0x58 ./Core/Src/bno055.o
 .debug_macro   0x00001937       0x8e ./Core/Src/bno055.o
 .debug_macro   0x000019c5       0x1c ./Core/Src/bno055.o
 .debug_macro   0x000019e1      0x177 ./Core/Src/bno055.o
 .debug_macro   0x00001b58       0x16 ./Core/Src/bno055.o
 .debug_macro   0x00001b6e       0x16 ./Core/Src/bno055.o
 .debug_macro   0x00001b84      0x146 ./Core/Src/bno055.o
 .debug_macro   0x00001cca       0x2e ./Core/Src/bno055.o
 .debug_macro   0x00001cf8       0x28 ./Core/Src/bno055.o
 .debug_macro   0x00001d20       0x1c ./Core/Src/bno055.o
 .debug_macro   0x00001d3c       0x22 ./Core/Src/bno055.o
 .debug_macro   0x00001d5e       0xfb ./Core/Src/bno055.o
 .debug_macro   0x00001e59     0x1011 ./Core/Src/bno055.o
 .debug_macro   0x00002e6a      0x11f ./Core/Src/bno055.o
 .debug_macro   0x00002f89     0xb953 ./Core/Src/bno055.o
 .debug_macro   0x0000e8dc       0x6d ./Core/Src/bno055.o
 .debug_macro   0x0000e949      0x2a7 ./Core/Src/bno055.o
 .debug_macro   0x0000ebf0     0x368c ./Core/Src/bno055.o
 .debug_macro   0x0001227c       0x56 ./Core/Src/bno055.o
 .debug_macro   0x000122d2      0x45c ./Core/Src/bno055.o
 .debug_macro   0x0001272e      0x9e9 ./Core/Src/bno055.o
 .debug_macro   0x00013117      0x115 ./Core/Src/bno055.o
 .debug_macro   0x0001322c      0x11b ./Core/Src/bno055.o
 .debug_macro   0x00013347       0xa5 ./Core/Src/bno055.o
 .debug_macro   0x000133ec      0x15f ./Core/Src/bno055.o
 .debug_macro   0x0001354b      0x287 ./Core/Src/bno055.o
 .debug_macro   0x000137d2       0x5f ./Core/Src/bno055.o
 .debug_macro   0x00013831      0x236 ./Core/Src/bno055.o
 .debug_macro   0x00013a67      0x9e1 ./Core/Src/bno055.o
 .debug_macro   0x00014448      0x38b ./Core/Src/bno055.o
 .debug_macro   0x000147d3      0x17d ./Core/Src/bno055.o
 .debug_macro   0x00014950       0xf9 ./Core/Src/bno055.o
 .debug_macro   0x00014a49      0x132 ./Core/Src/bno055.o
 .debug_macro   0x00014b7b      0x264 ./Core/Src/bno055.o
 .debug_macro   0x00014ddf       0x2e ./Core/Src/bno055.o
 .debug_macro   0x00014e0d      0x1b5 ./Core/Src/bno055.o
 .debug_macro   0x00014fc2       0x22 ./Core/Src/bno055.o
 .debug_macro   0x00014fe4       0xd6 ./Core/Src/bno055.o
 .debug_macro   0x000150ba      0x127 ./Core/Src/bno055.o
 .debug_macro   0x000151e1       0x85 ./Core/Src/bno055.o
 .debug_macro   0x00015266       0x89 ./Core/Src/bno055.o
 .debug_macro   0x000152ef      0x8ed ./Core/Src/bno055.o
 .debug_macro   0x00015bdc       0x47 ./Core/Src/bno055.o