../Core/Src/main.c:107:5:main	160	static
../Core/Src/main.c:256:6:SystemClock_Config	88	static
../Core/Src/main.c:302:13:MX_ADC1_Init	24	static
../Core/Src/main.c:381:13:MX_TIM1_Init	72	static
../Core/Src/main.c:456:13:MX_TIM2_Init	64	static
../Core/Src/main.c:519:13:MX_TIM4_Init	56	static
../Core/Src/main.c:568:13:MX_TIM5_Init	64	static
../Core/Src/main.c:627:13:MX_USART6_UART_Init	8	static
../Core/Src/main.c:658:13:MX_DMA_Init	16	static
../Core/Src/main.c:676:13:MX_GPIO_Init	40	static
../Core/Src/main.c:708:9:pulse_to_PWM	16	static
../Core/Src/main.c:725:15:get_reflect_angle	152	static
../Core/Src/main.c:764:6:HAL_TIM_IC_CaptureCallback	16	static
../Core/Src/main.c:771:6:HAL_ADC_ConvCpltCallback	16	static
../Core/Src/main.c:783:6:Error_Handler	4	static,ignoring_inline_asm
