../Core/Src/main.c:109:5:main	144	static
../Core/Src/main.c:264:6:SystemClock_Config	88	static
../Core/Src/main.c:310:13:MX_ADC1_Init	24	static
../Core/Src/main.c:389:13:MX_TIM1_Init	32	static
../Core/Src/main.c:435:13:MX_TIM2_Init	64	static
../Core/Src/main.c:498:13:MX_TIM4_Init	56	static
../Core/Src/main.c:547:13:MX_TIM5_Init	64	static
../Core/Src/main.c:606:13:MX_USART2_UART_Init	8	static
../Core/Src/main.c:637:13:MX_DMA_Init	16	static
../Core/Src/main.c:655:13:MX_GPIO_Init	40	static
../Core/Src/main.c:687:9:pulse_to_PWM	16	static
../Core/Src/main.c:704:15:get_reflect_angle	152	static
../Core/Src/main.c:743:6:HAL_TIM_IC_CaptureCallback	16	static
../Core/Src/main.c:750:6:HAL_ADC_ConvCpltCallback	16	static
../Core/Src/main.c:762:6:Error_Handler	4	static,ignoring_inline_asm
